Archive member included to satisfy reference by file (symbol)

C:/Program Files/SEGGER/SEGGER Embedded Studio for RISC-V 5.20/lib/libc_rv32i.a(libc2.o)
                              Output/Release/Obj/Hello/main.o (strlen)
C:/Program Files/SEGGER/SEGGER Embedded Studio for RISC-V 5.20/lib/libc_rv32i.a(libc2_asm.o)
                              C:/Program Files/SEGGER/SEGGER Embedded Studio for RISC-V 5.20/lib/libc_rv32i.a(libc2.o) (strcmp)
C:/Program Files/SEGGER/SEGGER Embedded Studio for RISC-V 5.20/lib/libc_rv32i.a(libvfprintf.o)
                              (__vfprintf_int_nwp)
C:/Program Files/SEGGER/SEGGER Embedded Studio for RISC-V 5.20/lib/libc_rv32i.a(libvfscanf.o)
                              (__vfscanf_int)
C:/Program Files/SEGGER/SEGGER Embedded Studio for RISC-V 5.20/lib/libc_rv32i.a(libc.o)
                              C:/Program Files/SEGGER/SEGGER Embedded Studio for RISC-V 5.20/lib/libc_rv32i.a(libc2.o) (__mulsi3)
C:/Program Files/SEGGER/SEGGER Embedded Studio for RISC-V 5.20/lib/libdebugio_rv32i.a(libdebugio.o)
                              Output/Release/Obj/Hello/riscv_crt0.o (debug_fopen)
C:/Program Files/SEGGER/SEGGER Embedded Studio for RISC-V 5.20/lib/libdebugio_rv32i.a(libdebugio_asm.o)
                              C:/Program Files/SEGGER/SEGGER Embedded Studio for RISC-V 5.20/lib/libdebugio_rv32i.a(libdebugio.o) (__do_nvdebug_operation)
C:/Program Files/SEGGER/SEGGER Embedded Studio for RISC-V 5.20/lib/libm_rv32i.a(libm_asm.o)
                              C:/Program Files/SEGGER/SEGGER Embedded Studio for RISC-V 5.20/lib/libc_rv32i.a(libc2.o) (__subsf3)
C:/Program Files/SEGGER/SEGGER Embedded Studio for RISC-V 5.20/lib/libm_rv32i.a(libm2.o)
                              C:/Program Files/SEGGER/SEGGER Embedded Studio for RISC-V 5.20/lib/libc_rv32i.a(libvfprintf.o) (frexp)

Discarded input sections

 .text          0x0000000000000000        0x0 Output/Release/Obj/Hello/main.o
 .data          0x0000000000000000        0x0 Output/Release/Obj/Hello/main.o
 .bss           0x0000000000000000        0x0 Output/Release/Obj/Hello/main.o
 .sbss.x        0x0000000000000000        0x4 Output/Release/Obj/Hello/main.o
 .text          0x0000000000000000        0x0 Output/Release/Obj/Hello/riscv_crt0.o
 .data          0x0000000000000000        0x0 Output/Release/Obj/Hello/riscv_crt0.o
 .bss           0x0000000000000000        0x0 Output/Release/Obj/Hello/riscv_crt0.o
 .text.abort    0x0000000000000000        0x4 Output/Release/Obj/Hello/riscv_crt0.o
 .text.__assert
                0x0000000000000000        0x4 Output/Release/Obj/Hello/riscv_crt0.o
 .text.__sync_synchronize
                0x0000000000000000        0x4 Output/Release/Obj/Hello/riscv_crt0.o
 .text.__getchar
                0x0000000000000000        0xc Output/Release/Obj/Hello/riscv_crt0.o
 .text.__putchar
                0x0000000000000000        0xc Output/Release/Obj/Hello/riscv_crt0.o
 .text.__open   0x0000000000000000        0xc Output/Release/Obj/Hello/riscv_crt0.o
 .text.__close  0x0000000000000000        0xc Output/Release/Obj/Hello/riscv_crt0.o
 .text.__read   0x0000000000000000       0x18 Output/Release/Obj/Hello/riscv_crt0.o
 .text.__write  0x0000000000000000       0x18 Output/Release/Obj/Hello/riscv_crt0.o
 .text.__seek   0x0000000000000000       0x44 Output/Release/Obj/Hello/riscv_crt0.o
 .bss.__user_locale_name_buffer
                0x0000000000000000        0x4 Output/Release/Obj/Hello/riscv_crt0.o
 .stack         0x0000000000000000        0x0 Output/Release/Obj/Hello/riscv_crt0.o
 .heap          0x0000000000000000        0x0 Output/Release/Obj/Hello/riscv_crt0.o
 .text          0x0000000000000000        0x0 C:/Program Files/SEGGER/SEGGER Embedded Studio for RISC-V 5.20/lib/libc_rv32i.a(libc2.o)
 .data          0x0000000000000000        0x0 C:/Program Files/SEGGER/SEGGER Embedded Studio for RISC-V 5.20/lib/libc_rv32i.a(libc2.o)
 .bss           0x0000000000000000        0x0 C:/Program Files/SEGGER/SEGGER Embedded Studio for RISC-V 5.20/lib/libc_rv32i.a(libc2.o)
 .text.libc     0x0000000000000000        0x0 C:/Program Files/SEGGER/SEGGER Embedded Studio for RISC-V 5.20/lib/libc_rv32i.a(libc2.o)
 .text.libc.__stdin_ungetc
                0x0000000000000000        0xc C:/Program Files/SEGGER/SEGGER Embedded Studio for RISC-V 5.20/lib/libc_rv32i.a(libc2.o)
 .text.libc.twodigit
                0x0000000000000000       0x5c C:/Program Files/SEGGER/SEGGER Embedded Studio for RISC-V 5.20/lib/libc_rv32i.a(libc2.o)
 .text.libc._execute_cxa_at_exit_fns
                0x0000000000000000       0x80 C:/Program Files/SEGGER/SEGGER Embedded Studio for RISC-V 5.20/lib/libc_rv32i.a(libc2.o)
 .text.libc.ungetc_fn
                0x0000000000000000       0x54 C:/Program Files/SEGGER/SEGGER Embedded Studio for RISC-V 5.20/lib/libc_rv32i.a(libc2.o)
 .text.libc.__RAL_ascii_isctype
                0x0000000000000000       0x38 C:/Program Files/SEGGER/SEGGER Embedded Studio for RISC-V 5.20/lib/libc_rv32i.a(libc2.o)
[...]
Memory Configuration

Name             Origin             Length             Attributes
UNPLACED_SECTIONS 0x0000000100000000 0x0000000000000000 xw
UARTmem          0x0000000000020000 0x0000000000020000 xw
UARTio           0x0000000000010004 0x0000000000000008 xw
IOmem            0x0000000000010000 0x0000000000000004 xw
RAM1             0x0000000000001000 0x0000000000001000 xw
FLASH1           0x0000000000000000 0x0000000000001000 xw
*default*        0x0000000000000000 0xffffffffffffffff

Linker script and memory map

                0x0000000000000000                __vfprintf = __vfprintf_int_nwp
                0x0000000000000000                __vfscanf = __vfscanf_int
                0x0000000000020000                __UARTmem_segment_start__ = 0x20000
                0x0000000000040000                __UARTmem_segment_end__ = 0x40000
                0x0000000000020000                __UARTmem_segment_size__ = 0x20000
                0x0000000000010004                __UARTio_segment_start__ = 0x10004
                0x000000000001000c                __UARTio_segment_end__ = 0x1000c
                0x0000000000000008                __UARTio_segment_size__ = 0x8
                0x0000000000010000                __IOmem_segment_start__ = 0x10000
                0x0000000000010004                __IOmem_segment_end__ = 0x10004
                0x0000000000000004                __IOmem_segment_size__ = 0x4
                0x0000000000001000                __RAM1_segment_start__ = 0x1000
                0x0000000000002000                __RAM1_segment_end__ = 0x2000
                0x0000000000001000                __RAM1_segment_size__ = 0x1000
                0x0000000000000000                __FLASH1_segment_start__ = 0x0
                0x0000000000001000                __FLASH1_segment_end__ = 0x1000
                0x0000000000001000                __FLASH1_segment_size__ = 0x1000
                0x0000000000000400                __HEAPSIZE__ = 0x400
                0x0000000000000400                __STACKSIZE__ = 0x400
                0x0000000000000000                __vectors_load_start__ = __FLASH1_segment_start__

.vectors        0x0000000000000000        0x0
                0x0000000000000000                __vectors_start__ = .
 *(.vectors .vectors.*)
                0x0000000000000000                __vectors_end__ = (__vectors_start__ + SIZEOF (.vectors))
                0x0000000000000000                __vectors_size__ = SIZEOF (.vectors)
                0x0000000000000000                __vectors_load_end__ = __vectors_end__
                0x0000000000000000                __init_load_start__ = ALIGN (__vectors_end__, 0x4)

.init           0x0000000000000000      0x19c
                0x0000000000000000                __init_start__ = .
 *(.init .init.*)
 .init          0x0000000000000000      0x19c Output/Release/Obj/Hello/riscv_crt0.o
                0x0000000000000000                _start
                0x000000000000015c                start
                0x000000000000018c                exit
                0x000000000000019c                __init_end__ = (__init_start__ + SIZEOF (.init))
                0x000000000000019c                __init_size__ = SIZEOF (.init)
                0x000000000000019c                __init_load_end__ = __init_end__
                0x000000000000019c                __init_rodata_load_start__ = ALIGN (__init_end__, 0x4)

.init_rodata    0x000000000000019c        0x0
                0x000000000000019c                __init_rodata_start__ = .
 *(.init_rodata .init_rodata.*)
                0x000000000000019c                __init_rodata_end__ = (__init_rodata_start__ + SIZEOF (.init_rodata))
                0x0000000000000000                __init_rodata_size__ = SIZEOF (.init_rodata)
                0x000000000000019c                __init_rodata_load_end__ = __init_rodata_end__
                0x000000000000019c                __text_load_start__ = ALIGN (__init_rodata_end__, 0x4)

.text           0x000000000000019c      0x578
                0x000000000000019c                __text_start__ = .
 *(.text .text.* .glue_7t .glue_7 .gnu.linkonce.t.* .gcc_except_table .ARM.extab* .gnu.linkonce.armextab.*)
 .text.handle_UART_interrupt
                0x000000000000019c       0xf8 Output/Release/Obj/Hello/main.o
                0x000000000000019c                handle_UART_interrupt
 .text.handle_TIMER_interrupt
                0x0000000000000294       0xa4 Output/Release/Obj/Hello/main.o
                0x0000000000000294                handle_TIMER_interrupt
 .text.handle_trap
                0x0000000000000338       0x68 Output/Release/Obj/Hello/main.o
                0x0000000000000338                handle_trap
 .text.init_timer
                0x00000000000003a0       0xac Output/Release/Obj/Hello/main.o
                0x00000000000003a0                init_timer
 .text.init_timer1
                0x000000000000044c       0x54 Output/Release/Obj/Hello/main.o
                0x000000000000044c                init_timer1
 .text.init_intrupt
                0x00000000000004a0       0x40 Output/Release/Obj/Hello/main.o
                0x00000000000004a0                init_intrupt
 .text.init_UART
                0x00000000000004e0       0x4c Output/Release/Obj/Hello/main.o
                0x00000000000004e0                init_UART
 .text.main     0x000000000000052c       0x90 Output/Release/Obj/Hello/main.o
                0x000000000000052c                main
 .text.trap_entry
                0x00000000000005bc       0xb0 Output/Release/Obj/Hello/riscv_crt0.o
                0x00000000000005bc                trap_entry
                0x0000000000000664                _init
                0x0000000000000668                _fini
 .text.libc.strlen
                0x000000000000066c       0xa8 C:/Program Files/SEGGER/SEGGER Embedded Studio for RISC-V 5.20/lib/libc_rv32i.a(libc2.o)
                0x000000000000066c                strlen
                0x0000000000000714                __text_end__ = (__text_start__ + SIZEOF (.text))
                0x0000000000000578                __text_size__ = SIZEOF (.text)
                0x0000000000000714                __text_load_end__ = __text_end__
                0x0000000000000714                __dtors_load_start__ = ALIGN (__text_end__, 0x4)

.rela.dyn       0x0000000000000714        0x0
 .rela.text.handle_UART_interrupt
                0x0000000000000714        0x0 Output/Release/Obj/Hello/main.o
 .rela.text.handle_TIMER_interrupt
                0x0000000000000714        0x0 Output/Release/Obj/Hello/main.o
 .rela.text.main
                0x0000000000000714        0x0 Output/Release/Obj/Hello/main.o
 .rela.init     0x0000000000000714        0x0 Output/Release/Obj/Hello/main.o

.dtors          0x0000000000000714        0x0
                0x0000000000000714                __dtors_start__ = .
 *(SORT_BY_NAME(.dtors.*))
 *(.dtors)
 *(.fini_array)
 *(SORT_BY_NAME(.fini_array.*))
                0x0000000000000714                __dtors_end__ = (__dtors_start__ + SIZEOF (.dtors))
                0x0000000000000000                __dtors_size__ = SIZEOF (.dtors)
                0x0000000000000714                __dtors_load_end__ = __dtors_end__
                0x0000000000000714                __ctors_load_start__ = ALIGN (__dtors_end__, 0x4)

.ctors          0x0000000000000714        0x0
                0x0000000000000714                __ctors_start__ = .
 *(SORT_BY_NAME(.ctors.*))
 *(.ctors)
 *(.init_array)
 *(SORT_BY_NAME(.init_array.*))
                0x0000000000000714                __ctors_end__ = (__ctors_start__ + SIZEOF (.ctors))
                0x0000000000000000                __ctors_size__ = SIZEOF (.ctors)
                0x0000000000000714                __ctors_load_end__ = __ctors_end__
                0x0000000000000714                __rodata_load_start__ = ALIGN (__ctors_end__, 0x4)

.rodata         0x0000000000000714        0x0
                0x0000000000000714                __rodata_start__ = .
 *(.rodata .rodata.* .gnu.linkonce.r.*)
                0x0000000000000714                __rodata_end__ = (__rodata_start__ + SIZEOF (.rodata))
                0x0000000000000000                __rodata_size__ = SIZEOF (.rodata)
                0x0000000000000714                __rodata_load_end__ = __rodata_end__
                0x0000000000000714                __srodata_load_start__ = ALIGN (__rodata_end__, 0x4)

.srodata        0x0000000000000714        0x0
                0x0000000000000714                __srodata_start__ = .
 *(.srodata .srodata.*)
                0x0000000000000714                __srodata_end__ = (__srodata_start__ + SIZEOF (.srodata))
                0x0000000000000000                __srodata_size__ = SIZEOF (.srodata)
                0x0000000000000714                __srodata_load_end__ = __srodata_end__
                0x0000000000000714                __eh_frame_load_start__ = ALIGN (__srodata_end__, 0x4)

.eh_frame       0x0000000000000714        0x0
                0x0000000000000714                __eh_frame_start__ = .
 *(.eh_frame .eh_frame.*)
                0x0000000000000714                __eh_frame_end__ = (__eh_frame_start__ + SIZEOF (.eh_frame))
                0x0000000000000000                __eh_frame_size__ = SIZEOF (.eh_frame)
                0x0000000000000714                __eh_frame_load_end__ = __eh_frame_end__
                0x0000000000000714                __gcc_except_table_load_start__ = ALIGN (__eh_frame_end__, 0x4)

.gcc_except_table
                0x0000000000000714        0x0
                0x0000000000000714                __gcc_except_table_start__ = .
 *(.gcc_except_table .gcc_except_table.*)
                0x0000000000000714                __gcc_except_table_end__ = (__gcc_except_table_start__ + SIZEOF (.gcc_except_table))
                0x0000000000000000                __gcc_except_table_size__ = SIZEOF (.gcc_except_table)
                0x0000000000000714                __gcc_except_table_load_end__ = __gcc_except_table_end__
                0x0000000000000714                __data_load_start__ = ALIGN (__gcc_except_table_end__, 0x4)

.data           0x0000000000001000       0x15 load address 0x0000000000000714
                0x0000000000001000                __data_start__ = .
 *(.data .data.* .gnu.linkonce.d.*)
 .data.messege  0x0000000000001000       0x15 Output/Release/Obj/Hello/main.o
                0x0000000000001000                messege
                0x0000000000001015                __data_end__ = (__data_start__ + SIZEOF (.data))
                0x0000000000000015                __data_size__ = SIZEOF (.data)
                0x0000000000000729                __data_load_end__ = (__data_load_start__ + SIZEOF (.data))

.data_run       0x0000000000001000       0x15 load address 0x0000000000000714
                0x0000000000001000                __data_run_start__ = .
                0x0000000000001015                . = MAX ((__data_run_start__ + SIZEOF (.data)), .)
 *fill*         0x0000000000001000       0x15 
                0x0000000000001015                __data_run_end__ = (__data_run_start__ + SIZEOF (.data_run))
                0x0000000000000015                __data_run_size__ = SIZEOF (.data_run)
                0x0000000000001015                __data_run_load_end__ = __data_run_end__
                0x000000000000072c                __tdata_load_start__ = ALIGN ((__data_load_start__ + SIZEOF (.data)), 0x4)

.tdata          0x0000000000001018        0x0 load address 0x000000000000072c
                0x0000000000001018                __tdata_start__ = .
 *(.tdata .tdata.*)
                0x0000000000001018                __tdata_end__ = (__tdata_start__ + SIZEOF (.tdata))
                0x0000000000000000                __tdata_size__ = SIZEOF (.tdata)
                0x000000000000072c                __tdata_load_end__ = (__tdata_load_start__ + SIZEOF (.tdata))

.tdata_run      0x0000000000001018        0x0
                0x0000000000001018                __tdata_run_start__ = .
                0x0000000000001018                . = MAX ((__tdata_run_start__ + SIZEOF (.tdata)), .)
                0x0000000000001018                __tdata_run_end__ = (__tdata_run_start__ + SIZEOF (.tdata_run))
                0x0000000000000000                __tdata_run_size__ = SIZEOF (.tdata_run)
                0x0000000000001018                __tdata_run_load_end__ = __tdata_run_end__
                0x0000000000001018                __bss_load_start__ = ALIGN (__tdata_run_end__, 0x4)

.bss            0x0000000000001018        0x0
                0x0000000000001018                __bss_start__ = .
 *(.bss .bss.* .gnu.linkonce.b.*)
 *(COMMON)
                0x0000000000001018                __bss_end__ = (__bss_start__ + SIZEOF (.bss))
                0x0000000000000000                __bss_size__ = SIZEOF (.bss)
                0x0000000000001018                __bss_load_end__ = __bss_end__
                0x0000000000001018                __tbss_load_start__ = ALIGN (__bss_end__, 0x4)

.tbss           0x0000000000001018        0x0
                0x0000000000001018                __tbss_start__ = .
 *(.tbss .tbss.*)
                0x0000000000001018                __tbss_end__ = (__tbss_start__ + SIZEOF (.tbss))
                0x0000000000000000                __tbss_size__ = SIZEOF (.tbss)
                0x0000000000001018                __tbss_load_end__ = __tbss_end__
                0x000000000000072c                __sdata_load_start__ = ALIGN ((__tdata_load_start__ + SIZEOF (.tdata)), 0x4)

.sdata          0x0000000000001018        0x0 load address 0x000000000000072c
                0x0000000000001018                __sdata_start__ = .
 *(.sdata.* .sdata2.*)
                0x0000000000001018                __sdata_end__ = (__sdata_start__ + SIZEOF (.sdata))
                0x0000000000000000                __sdata_size__ = SIZEOF (.sdata)
                0x000000000000072c                __sdata_load_end__ = (__sdata_load_start__ + SIZEOF (.sdata))
                0x000000000000072c                __FLASH1_segment_used_end__ = (ALIGN ((__tdata_load_start__ + SIZEOF (.tdata)), 0x4) + SIZEOF (.sdata))
                0x000000000000072c                __FLASH1_segment_used_size__ = (__FLASH1_segment_used_end__ - __FLASH1_segment_start__)

.sdata_run      0x0000000000001018        0x0
                0x0000000000001018                __sdata_run_start__ = .
                0x0000000000001018                . = MAX ((__sdata_run_start__ + SIZEOF (.sdata)), .)
                0x0000000000001018                __sdata_run_end__ = (__sdata_run_start__ + SIZEOF (.sdata_run))
                0x0000000000000000                __sdata_run_size__ = SIZEOF (.sdata_run)
                0x0000000000001018                __sdata_run_load_end__ = __sdata_run_end__
                0x0000000000001018                __sbss_load_start__ = ALIGN (__sdata_run_end__, 0x4)

.sbss           0x0000000000001018        0x5
                0x0000000000001018                __sbss_start__ = .
 *(.sbss .sbss.*)
 .sbss.i        0x0000000000001018        0x4 Output/Release/Obj/Hello/main.o
                0x0000000000001018                i
 .sbss.CR       0x000000000000101c        0x1 Output/Release/Obj/Hello/main.o
                0x000000000000101c                CR
                0x000000000000101d                __sbss_end__ = (__sbss_start__ + SIZEOF (.sbss))
                0x0000000000000005                __sbss_size__ = SIZEOF (.sbss)
                0x000000000000101d                __sbss_load_end__ = __sbss_end__
                0x0000000000001020                __non_init_load_start__ = ALIGN (__sbss_end__, 0x4)

.non_init       0x0000000000001020        0x0
                0x0000000000001020                __non_init_start__ = .
 *(.non_init .non_init.*)
                0x0000000000001020                __non_init_end__ = (__non_init_start__ + SIZEOF (.non_init))
                0x0000000000000000                __non_init_size__ = SIZEOF (.non_init)
                0x0000000000001020                __non_init_load_end__ = __non_init_end__
                0x0000000000001020                __heap_load_start__ = ALIGN (__non_init_end__, 0x4)

.heap           0x0000000000001020      0x400
                0x0000000000001020                __heap_start__ = .
 *(.heap .heap.*)
                0x0000000000001420                . = ALIGN (MAX ((__heap_start__ + __HEAPSIZE__), .), 0x4)
 *fill*         0x0000000000001020      0x400 
                0x0000000000001420                __heap_end__ = (__heap_start__ + SIZEOF (.heap))
                0x0000000000000400                __heap_size__ = SIZEOF (.heap)
                0x0000000000001420                __heap_load_end__ = __heap_end__
                0x0000000000001c00                __stack_load_start__ = (__RAM1_segment_start__ + (__RAM1_segment_size__ - 0x400))

.stack          0x0000000000001c00      0x400
                0x0000000000001c00                __stack_start__ = .
 *(.stack .stack.*)
                0x0000000000002000                . = ALIGN (MAX ((__stack_start__ + __STACKSIZE__), .), 0x4)
 *fill*         0x0000000000001c00      0x400 
                0x0000000000002000                __stack_end__ = (__stack_start__ + SIZEOF (.stack))
                0x0000000000000400                __stack_size__ = SIZEOF (.stack)
                0x0000000000002000                __stack_load_end__ = __stack_end__
                0x0000000000002000                __RAM1_segment_used_end__ = ((__RAM1_segment_start__ + (__RAM1_segment_size__ - 0x400)) + SIZEOF (.stack))
                0x0000000000001000                __RAM1_segment_used_size__ = (__RAM1_segment_used_end__ - __RAM1_segment_start__)
START GROUP
LOAD Output/Release/Obj/Hello/main.o
LOAD Output/Release/Obj/Hello/riscv_crt0.o
LOAD C:/Program Files/SEGGER/SEGGER Embedded Studio for RISC-V 5.20/lib/libm_rv32i.a
LOAD C:/Program Files/SEGGER/SEGGER Embedded Studio for RISC-V 5.20/lib/libc_rv32i.a
LOAD C:/Program Files/SEGGER/SEGGER Embedded Studio for RISC-V 5.20/lib/libdebugio_rv32i.a
END GROUP
OUTPUT(Output/Release/Exe/Hello.elf elf32-littleriscv)

.comment        0x0000000000000000       0x11
 .comment       0x0000000000000000       0x11 Output/Release/Obj/Hello/main.o
                                         0x12 (size before relaxing)
 .comment       0x0000000000000011       0x12 C:/Program Files/SEGGER/SEGGER Embedded Studio for RISC-V 5.20/lib/libc_rv32i.a(libc2.o)

.riscv.attributes
                0x0000000000000000       0x1c
 .riscv.attributes
                0x0000000000000000       0x1c Output/Release/Obj/Hello/main.o
 .riscv.attributes
                0x000000000000001c       0x1a Output/Release/Obj/Hello/riscv_crt0.o
 .riscv.attributes
                0x0000000000000036       0x1c C:/Program Files/SEGGER/SEGGER Embedded Studio for RISC-V 5.20/lib/libc_rv32i.a(libc2.o)
