Archive member included to satisfy reference by file (symbol)

C:/Program Files/SEGGER/SEGGER Embedded Studio for RISC-V 6.20a/lib/libc_rv32i_balanced.a(floatasmops_rv.o)
                              Output/Release/Obj/Dhry/main.o (__divdf3)
C:/Program Files/SEGGER/SEGGER Embedded Studio for RISC-V 6.20a/lib/libc_rv32i_balanced.a(intasmops_rv.o)
                              Output/Release/Obj/Dhry/main.o (__mulsi3)
C:/Program Files/SEGGER/SEGGER Embedded Studio for RISC-V 6.20a/lib/libc_rv32i_balanced.a(strasmops_rv.o)
                              Output/Release/Obj/Dhry/main.o (strlen)
C:/Program Files/SEGGER/SEGGER Embedded Studio for RISC-V 6.20a/lib/libc_rv32i_balanced.a(fileops.o)
                              Output/Release/Obj/Dhry/main.o (puts)
C:/Program Files/SEGGER/SEGGER Embedded Studio for RISC-V 6.20a/lib/libc_rv32i_balanced.a(intops.o)
                              Output/Release/Obj/Dhry/main.o (__udivdi3)
C:/Program Files/SEGGER/SEGGER Embedded Studio for RISC-V 6.20a/lib/libc_rv32i_balanced.a(strops.o)
                              Output/Release/Obj/Dhry/main.o (memcpy)
C:/Program Files/SEGGER/SEGGER Embedded Studio for RISC-V 6.20a/lib/libc_rv32i_balanced.a(prinops.o)
                              Output/Release/Obj/Dhry/main.o (printf)
C:/Program Files/SEGGER/SEGGER Embedded Studio for RISC-V 6.20a/lib/libc_rv32i_balanced.a(__SEGGER_RTL_vfprintf_int_nwp.o)
                              (__SEGGER_RTL_vfprintf_int_nwp)
C:/Program Files/SEGGER/SEGGER Embedded Studio for RISC-V 6.20a/lib/libc_rv32i_balanced.a(__SEGGER_RTL_vfscanf_int.o)
                              (__SEGGER_RTL_vfscanf_int)
C:/Program Files/SEGGER/SEGGER Embedded Studio for RISC-V 6.20a/lib/libc_rv32i_balanced.a(errno.o)
                              C:/Program Files/SEGGER/SEGGER Embedded Studio for RISC-V 6.20a/lib/libc_rv32i_balanced.a(fileops.o) (__SEGGER_RTL_X_errno_addr)
C:/Program Files/SEGGER/SEGGER Embedded Studio for RISC-V 6.20a/lib/libc_rv32i_balanced.a(heapops.o)
                              C:/Program Files/SEGGER/SEGGER Embedded Studio for RISC-V 6.20a/lib/libc_rv32i_balanced.a(strops.o) (malloc)
C:/Program Files/SEGGER/SEGGER Embedded Studio for RISC-V 6.20a/lib/libc_rv32i_balanced.a(mbops.o)
                              C:/Program Files/SEGGER/SEGGER Embedded Studio for RISC-V 6.20a/lib/libc_rv32i_balanced.a(prinops.o) (__SEGGER_RTL_init_mbstate)
C:/Program Files/SEGGER/SEGGER Embedded Studio for RISC-V 6.20a/lib/libc_rv32i_balanced.a(sortops.o)
                              C:/Program Files/SEGGER/SEGGER Embedded Studio for RISC-V 6.20a/lib/libc_rv32i_balanced.a(mbops.o) (bsearch)
C:/Program Files/SEGGER/SEGGER Embedded Studio for RISC-V 6.20a/lib/libc_rv32i_balanced.a(timeops.o)
                              C:/Program Files/SEGGER/SEGGER Embedded Studio for RISC-V 6.20a/lib/libc_rv32i_balanced.a(mbops.o) (__SEGGER_RTL_string_list_encode)
C:/Program Files/SEGGER/SEGGER Embedded Studio for RISC-V 6.20a/lib/libc_rv32i_balanced.a(utilops.o)
                              C:/Program Files/SEGGER/SEGGER Embedded Studio for RISC-V 6.20a/lib/libc_rv32i_balanced.a(__SEGGER_RTL_vfscanf_int.o) (__SEGGER_RTL_digit)
C:/Program Files/SEGGER/SEGGER Embedded Studio for RISC-V 6.20a/lib/heapops_basic_rv32i_balanced.a(heapops_basic.o)
                              C:/Program Files/SEGGER/SEGGER Embedded Studio for RISC-V 6.20a/lib/libc_rv32i_balanced.a(heapops.o) (__SEGGER_RTL_alloc)

Discarded input sections

 .text          0x0000000000000000        0x0 Output/Release/Obj/Dhry/main.o
 .data          0x0000000000000000        0x0 Output/Release/Obj/Dhry/main.o
 .bss           0x0000000000000000        0x0 Output/Release/Obj/Dhry/main.o
 .srodata.MTIMER
                0x0000000000000000        0x4 Output/Release/Obj/Dhry/main.o
 .sdata._stdin_ungot
                0x0000000000000000        0x4 Output/Release/Obj/Dhry/main.o
 .sbss.x        0x0000000000000000        0x4 Output/Release/Obj/Dhry/main.o
 .text.init_timer
                0x0000000000000000       0xb0 Output/Release/Obj/Dhry/main.o
 .text.init_timer1
                0x0000000000000000       0x54 Output/Release/Obj/Dhry/main.o
 .text.init_intrupt
                0x0000000000000000       0x40 Output/Release/Obj/Dhry/main.o
 .text.__SEGGER_RTL_X_file_read
                0x0000000000000000       0x20 Output/Release/Obj/Dhry/main.o
 .text.__SEGGER_RTL_X_file_unget
                0x0000000000000000       0x6c Output/Release/Obj/Dhry/main.o
 .data.Reg_Define
                0x0000000000000000       0x1a Output/Release/Obj/Dhry/main.o
 .text          0x0000000000000000        0x0 Output/Release/Obj/Dhry/riscv_crt0.o
 .data          0x0000000000000000        0x0 Output/Release/Obj/Dhry/riscv_crt0.o
 .bss           0x0000000000000000        0x0 Output/Release/Obj/Dhry/riscv_crt0.o
 .text.abort    0x0000000000000000        0x4 Output/Release/Obj/Dhry/riscv_crt0.o
 .text.__assert
                0x0000000000000000        0x4 Output/Release/Obj/Dhry/riscv_crt0.o
[...]
Memory Configuration

Name             Origin             Length             Attributes
UNPLACED_SECTIONS 0x0000000100000000 0x0000000000000000 xw
RAM1             0x0000000000004000 0x0000000000004000 xw
FLASH1           0x0000000000000000 0x0000000000004000 xw
*default*        0x0000000000000000 0xffffffffffffffff

Linker script and memory map

                0x0000000000002318                __SEGGER_RTL_vfprintf = __SEGGER_RTL_vfprintf_int_nwp
                0x0000000000000000                __SEGGER_RTL_vfscanf = __SEGGER_RTL_vfscanf_int
                0x0000000000004000                __RAM1_segment_start__ = 0x4000
                0x0000000000008000                __RAM1_segment_end__ = 0x8000
                0x0000000000004000                __RAM1_segment_size__ = 0x4000
                0x0000000000000000                __FLASH1_segment_start__ = 0x0
                0x0000000000004000                __FLASH1_segment_end__ = 0x4000
                0x0000000000004000                __FLASH1_segment_size__ = 0x4000
                0x0000000000000400                __HEAPSIZE__ = 0x400
                0x0000000000000400                __STACKSIZE__ = 0x400
                0x0000000000000000                __vectors_load_start__ = __FLASH1_segment_start__

.vectors        0x0000000000000000        0x0
                0x0000000000000000                __vectors_start__ = .
 *(.vectors .vectors.*)
                0x0000000000000000                __vectors_end__ = (__vectors_start__ + SIZEOF (.vectors))
                0x0000000000000000                __vectors_size__ = SIZEOF (.vectors)
                0x0000000000000000                __vectors_load_end__ = __vectors_end__
                0x0000000000000000                __init_load_start__ = ALIGN (__vectors_end__, 0x4)

.init           0x0000000000000000      0x1bc
                0x0000000000000000                __init_start__ = .
 *(.init .init.*)
 .init          0x0000000000000000      0x1bc Output/Release/Obj/Dhry/riscv_crt0.o
                0x0000000000000000                _start
                0x0000000000000174                start
                0x00000000000001ac                exit
                0x00000000000001bc                __init_end__ = (__init_start__ + SIZEOF (.init))
                0x00000000000001bc                __init_size__ = SIZEOF (.init)
                0x00000000000001bc                __init_load_end__ = __init_end__
                0x00000000000001bc                __init_rodata_load_start__ = ALIGN (__init_end__, 0x4)

.init_rodata    0x00000000000001bc        0x0
                0x00000000000001bc                __init_rodata_start__ = .
 *(.init_rodata .init_rodata.*)
                0x00000000000001bc                __init_rodata_end__ = (__init_rodata_start__ + SIZEOF (.init_rodata))
                0x0000000000000000                __init_rodata_size__ = SIZEOF (.init_rodata)
                0x00000000000001bc                __init_rodata_load_end__ = __init_rodata_end__
                0x00000000000001bc                __text_load_start__ = ALIGN (__init_rodata_end__, 0x4)

.text           0x00000000000001bc     0x2858
                0x00000000000001bc                __text_start__ = .
 *(.text .text.* .gnu.linkonce.t.*)
 .text.mtimer_mtime
                0x00000000000001bc       0x78 Output/Release/Obj/Dhry/main.o
 .text.handle_UART_interrupt
                0x0000000000000234       0xf8 Output/Release/Obj/Dhry/main.o
                0x0000000000000234                handle_UART_interrupt
 .text.handle_TIMER_interrupt
                0x000000000000032c       0xa8 Output/Release/Obj/Dhry/main.o
                0x000000000000032c                handle_TIMER_interrupt
 .text.handle_trap
                0x00000000000003d4       0x74 Output/Release/Obj/Dhry/main.o
                0x00000000000003d4                handle_trap
 .text.init_UART
                0x0000000000000448       0x58 Output/Release/Obj/Dhry/main.o
                0x0000000000000448                init_UART
 .text.get_us   0x00000000000004a0      0x1ac Output/Release/Obj/Dhry/main.o
                0x00000000000004a0                get_us
 .text.__SEGGER_RTL_X_file_write
                0x000000000000064c       0x7c Output/Release/Obj/Dhry/main.o
                0x000000000000064c                __SEGGER_RTL_X_file_write
 .text.__SEGGER_RTL_X_file_stat
                0x00000000000006c8       0x50 Output/Release/Obj/Dhry/main.o
                0x00000000000006c8                __SEGGER_RTL_X_file_stat
 .text.__SEGGER_RTL_X_file_bufsize
                0x0000000000000718       0x18 Output/Release/Obj/Dhry/main.o
                0x0000000000000718                __SEGGER_RTL_X_file_bufsize
 .text.main     0x0000000000000730       0x20 Output/Release/Obj/Dhry/main.o
                0x0000000000000730                main
 .text.dhry     0x0000000000000750      0x9f0 Output/Release/Obj/Dhry/main.o
                0x0000000000000750                dhry
 .text.Proc_1   0x0000000000001140      0x118 Output/Release/Obj/Dhry/main.o
                0x0000000000001140                Proc_1
 .text.Proc_2   0x0000000000001258       0x68 Output/Release/Obj/Dhry/main.o
                0x0000000000001258                Proc_2
 .text.Proc_3   0x00000000000012c0       0x60 Output/Release/Obj/Dhry/main.o
                0x00000000000012c0                Proc_3
 .text.Proc_4   0x0000000000001320       0x4c Output/Release/Obj/Dhry/main.o
                0x0000000000001320                Proc_4
 .text.Proc_5   0x000000000000136c       0x1c Output/Release/Obj/Dhry/main.o
                0x000000000000136c                Proc_5
 .text.Proc_6   0x0000000000001388       0xd0 Output/Release/Obj/Dhry/main.o
                0x0000000000001388                Proc_6
 .text.Proc_7   0x0000000000001458       0x3c Output/Release/Obj/Dhry/main.o
                0x0000000000001458                Proc_7
 .text.Proc_8   0x0000000000001494      0x1c4 Output/Release/Obj/Dhry/main.o
                0x0000000000001494                Proc_8
 .text.Func_1   0x0000000000001658       0x58 Output/Release/Obj/Dhry/main.o
                0x0000000000001658                Func_1
 .text.Func_2   0x00000000000016b0       0xf0 Output/Release/Obj/Dhry/main.o
                0x00000000000016b0                Func_2
 .text.Func_3   0x00000000000017a0       0x38 Output/Release/Obj/Dhry/main.o
                0x00000000000017a0                Func_3
 .text.trap_entry
                0x00000000000017d8       0xb0 Output/Release/Obj/Dhry/riscv_crt0.o
                0x00000000000017d8                trap_entry
                0x0000000000001880                _init
                0x0000000000001884                _fini
 .text.libc.__divdf3
                0x0000000000001888      0x174 C:/Program Files/SEGGER/SEGGER Embedded Studio for RISC-V 6.20a/lib/libc_rv32i_balanced.a(floatasmops_rv.o)
                0x0000000000001888                __divdf3
 .text.libc.__fixunsdfsi
                0x00000000000019fc       0x48 C:/Program Files/SEGGER/SEGGER Embedded Studio for RISC-V 6.20a/lib/libc_rv32i_balanced.a(floatasmops_rv.o)
                0x00000000000019fc                __fixunsdfsi
 .text.libc.__floatundidf
                0x0000000000001a44      0x11c C:/Program Files/SEGGER/SEGGER Embedded Studio for RISC-V 6.20a/lib/libc_rv32i_balanced.a(floatasmops_rv.o)
                0x0000000000001a44                __floatundidf
 .text.libc.__mulsi3
                0x0000000000001b60       0x38 C:/Program Files/SEGGER/SEGGER Embedded Studio for RISC-V 6.20a/lib/libc_rv32i_balanced.a(intasmops_rv.o)
                0x0000000000001b60                __mulsi3
 .text.libc.__divsi3
                0x0000000000001b98       0x6c C:/Program Files/SEGGER/SEGGER Embedded Studio for RISC-V 6.20a/lib/libc_rv32i_balanced.a(intasmops_rv.o)
                0x0000000000001b98                __divsi3
 .text.libc.__udivsi3
                0x0000000000001c04       0x48 C:/Program Files/SEGGER/SEGGER Embedded Studio for RISC-V 6.20a/lib/libc_rv32i_balanced.a(intasmops_rv.o)
                0x0000000000001c04                __udivsi3
 .text.libc.strlen
                0x0000000000001c4c       0x98 C:/Program Files/SEGGER/SEGGER Embedded Studio for RISC-V 6.20a/lib/libc_rv32i_balanced.a(strasmops_rv.o)
                0x0000000000001c4c                strlen
 .text.libc.strcmp
                0x0000000000001ce4       0x6c C:/Program Files/SEGGER/SEGGER Embedded Studio for RISC-V 6.20a/lib/libc_rv32i_balanced.a(strasmops_rv.o)
                0x0000000000001ce4                strcmp
 .text.libc.fwrite
                0x0000000000001d50       0xb8 C:/Program Files/SEGGER/SEGGER Embedded Studio for RISC-V 6.20a/lib/libc_rv32i_balanced.a(fileops.o)
                0x0000000000001d50                fwrite
 .text.libc.fputc
                0x0000000000001e08       0x40 C:/Program Files/SEGGER/SEGGER Embedded Studio for RISC-V 6.20a/lib/libc_rv32i_balanced.a(fileops.o)
                0x0000000000001e08                fputc
 .text.libc.putchar
                0x0000000000001e48        0xc C:/Program Files/SEGGER/SEGGER Embedded Studio for RISC-V 6.20a/lib/libc_rv32i_balanced.a(fileops.o)
                0x0000000000001e48                putchar
 .text.libc.puts
                0x0000000000001e54       0x64 C:/Program Files/SEGGER/SEGGER Embedded Studio for RISC-V 6.20a/lib/libc_rv32i_balanced.a(fileops.o)
                0x0000000000001e54                puts
 .text.libc.__udivdi3
                0x0000000000001eb8      0x12c C:/Program Files/SEGGER/SEGGER Embedded Studio for RISC-V 6.20a/lib/libc_rv32i_balanced.a(intops.o)
                0x0000000000001eb8                __udivdi3
 .text.libc.__umoddi3
                0x0000000000001fe4       0xb0 C:/Program Files/SEGGER/SEGGER Embedded Studio for RISC-V 6.20a/lib/libc_rv32i_balanced.a(intops.o)
                0x0000000000001fe4                __umoddi3
 .text.libc.memcpy
                0x0000000000002094       0x24 C:/Program Files/SEGGER/SEGGER Embedded Studio for RISC-V 6.20a/lib/libc_rv32i_balanced.a(strops.o)
                0x0000000000002094                memcpy
 .text.libc.__SEGGER_RTL_stream_write
                0x00000000000020b8       0x10 C:/Program Files/SEGGER/SEGGER Embedded Studio for RISC-V 6.20a/lib/libc_rv32i_balanced.a(prinops.o)
 .text.libc.__SEGGER_RTL_putc
                0x00000000000020c8      0x150 C:/Program Files/SEGGER/SEGGER Embedded Studio for RISC-V 6.20a/lib/libc_rv32i_balanced.a(prinops.o)
                0x00000000000020c8                __SEGGER_RTL_putc
 .text.libc.__SEGGER_RTL_prin_flush
                0x0000000000002218       0x40 C:/Program Files/SEGGER/SEGGER Embedded Studio for RISC-V 6.20a/lib/libc_rv32i_balanced.a(prinops.o)
                0x0000000000002218                __SEGGER_RTL_prin_flush
 .text.libc.printf
                0x0000000000002258       0xc0 C:/Program Files/SEGGER/SEGGER Embedded Studio for RISC-V 6.20a/lib/libc_rv32i_balanced.a(prinops.o)
                0x0000000000002258                printf
 .text.libc.__SEGGER_RTL_vfprintf_int_nwp
                0x0000000000002318      0x6fc C:/Program Files/SEGGER/SEGGER Embedded Studio for RISC-V 6.20a/lib/libc_rv32i_balanced.a(__SEGGER_RTL_vfprintf_int_nwp.o)
                0x0000000000002318                __SEGGER_RTL_vfprintf_int_nwp
                0x0000000000002a14                __text_end__ = (__text_start__ + SIZEOF (.text))
                0x0000000000002858                __text_size__ = SIZEOF (.text)
                0x0000000000002a14                __text_load_end__ = __text_end__
                0x0000000000002a14                __dtors_load_start__ = ALIGN (__text_end__, 0x4)

.dtors          0x0000000000002a14        0x0
                0x0000000000002a14                __dtors_start__ = .
 *(SORT_BY_NAME(.dtors.*))
 *(.dtors)
 *(.fini_array)
 *(SORT_BY_NAME(.fini_array.*))
                0x0000000000002a14                __dtors_end__ = (__dtors_start__ + SIZEOF (.dtors))
                0x0000000000000000                __dtors_size__ = SIZEOF (.dtors)
                0x0000000000002a14                __dtors_load_end__ = __dtors_end__
                0x0000000000002a14                __ctors_load_start__ = ALIGN (__dtors_end__, 0x4)

.ctors          0x0000000000002a14        0x0
                0x0000000000002a14                __ctors_start__ = .
 *(SORT_BY_NAME(.ctors.*))
 *(.ctors)
 *(.init_array)
 *(SORT_BY_NAME(.init_array.*))
                0x0000000000002a14                __ctors_end__ = (__ctors_start__ + SIZEOF (.ctors))
                0x0000000000000000                __ctors_size__ = SIZEOF (.ctors)
                0x0000000000002a14                __ctors_load_end__ = __ctors_end__
                0x0000000000002a14                __rodata_load_start__ = ALIGN (__ctors_end__, 0x4)

.rodata         0x0000000000002a14      0x87c
                0x0000000000002a14                __rodata_start__ = .
 *(.rodata .rodata.* .gnu.linkonce.r.*)
 *fill*         0x0000000000002a14        0x4 
 .rodata        0x0000000000002a18      0x568 Output/Release/Obj/Dhry/main.o
 .rodata.Proc_6
                0x0000000000002f80       0x14 Output/Release/Obj/Dhry/main.o
 .rodata.libc.__SEGGER_RTL_hex_lc
                0x0000000000002f94       0x10 C:/Program Files/SEGGER/SEGGER Embedded Studio for RISC-V 6.20a/lib/libc_rv32i_balanced.a(prinops.o)
                0x0000000000002f94                __SEGGER_RTL_hex_lc
 .rodata.libc.__SEGGER_RTL_hex_uc
                0x0000000000002fa4       0x10 C:/Program Files/SEGGER/SEGGER Embedded Studio for RISC-V 6.20a/lib/libc_rv32i_balanced.a(prinops.o)
                0x0000000000002fa4                __SEGGER_RTL_hex_uc
 .rodata.libc.__SEGGER_RTL_vfprintf_int_nwp
                0x0000000000002fb4      0x2dc C:/Program Files/SEGGER/SEGGER Embedded Studio for RISC-V 6.20a/lib/libc_rv32i_balanced.a(__SEGGER_RTL_vfprintf_int_nwp.o)
                0x0000000000003290                __rodata_end__ = (__rodata_start__ + SIZEOF (.rodata))
                0x000000000000087c                __rodata_size__ = SIZEOF (.rodata)
                0x0000000000003290                __rodata_load_end__ = __rodata_end__
                0x0000000000003290                __srodata_load_start__ = ALIGN (__rodata_end__, 0x4)

.rela.dyn       0x0000000000003290        0x0
 .rela.text.get_us
                0x0000000000003290        0x0 Output/Release/Obj/Dhry/main.o
 .rela.text.dhry
                0x0000000000003290        0x0 Output/Release/Obj/Dhry/main.o
 .rela.text.Proc_1
                0x0000000000003290        0x0 Output/Release/Obj/Dhry/main.o
 .rela.init     0x0000000000003290        0x0 Output/Release/Obj/Dhry/main.o
 .rela.text.libc.fputc
                0x0000000000003290        0x0 Output/Release/Obj/Dhry/main.o
 .rela.text.libc.putchar
                0x0000000000003290        0x0 Output/Release/Obj/Dhry/main.o
 .rela.text.libc.puts
                0x0000000000003290        0x0 Output/Release/Obj/Dhry/main.o
 .rela.text.libc.__SEGGER_RTL_stream_write
                0x0000000000003290        0x0 Output/Release/Obj/Dhry/main.o
 .rela.text.libc.printf
                0x0000000000003290        0x0 Output/Release/Obj/Dhry/main.o
 .rela.text.libc.__SEGGER_RTL_vfprintf_int_nwp
                0x0000000000003290        0x0 Output/Release/Obj/Dhry/main.o

.srodata        0x0000000000003290        0x0
                0x0000000000003290                __srodata_start__ = .
 *(.srodata .srodata.*)
                0x0000000000003290                __srodata_end__ = (__srodata_start__ + SIZEOF (.srodata))
                0x0000000000000000                __srodata_size__ = SIZEOF (.srodata)
                0x0000000000003290                __srodata_load_end__ = __srodata_end__
                0x0000000000003290                __eh_frame_load_start__ = ALIGN (__srodata_end__, 0x4)

.eh_frame       0x0000000000003290        0x0
                0x0000000000003290                __eh_frame_start__ = .
 *(.eh_frame .eh_frame.*)
                0x0000000000003290                __eh_frame_end__ = (__eh_frame_start__ + SIZEOF (.eh_frame))
                0x0000000000000000                __eh_frame_size__ = SIZEOF (.eh_frame)
                0x0000000000003290                __eh_frame_load_end__ = __eh_frame_end__
                0x0000000000003290                __gcc_except_table_load_start__ = ALIGN (__eh_frame_end__, 0x4)

.gcc_except_table
                0x0000000000003290        0x0
                0x0000000000003290                __gcc_except_table_start__ = .
 *(.gcc_except_table .gcc_except_table.*)
                0x0000000000003290                __gcc_except_table_end__ = (__gcc_except_table_start__ + SIZEOF (.gcc_except_table))
                0x0000000000000000                __gcc_except_table_size__ = SIZEOF (.gcc_except_table)
                0x0000000000003290                __gcc_except_table_load_end__ = __gcc_except_table_end__
                0x0000000000003290                __data_load_start__ = ALIGN (__gcc_except_table_end__, 0x4)

.data           0x0000000000004000       0x15 load address 0x0000000000003290
                0x0000000000004000                __data_start__ = .
 *(.data .data.* .gnu.linkonce.d.*)
 .data.messege  0x0000000000004000       0x15 Output/Release/Obj/Dhry/main.o
                0x0000000000004000                messege
                0x0000000000004015                __data_end__ = (__data_start__ + SIZEOF (.data))
                0x0000000000000015                __data_size__ = SIZEOF (.data)
                0x00000000000032a5                __data_load_end__ = (__data_load_start__ + SIZEOF (.data))

.data_run       0x0000000000004000        0x0
                0x0000000000004000                __data_run_start__ = .
                0x0000000000004015                __data_run_end__ = (__data_run_start__ + SIZEOF (.data))
                0x0000000000000015                __data_run_size__ = (__data_run_end__ - __data_run_start__)
                0x0000000000004015                __data_run_load_end__ = __data_run_end__
                0x00000000000032a8                __tdata_load_start__ = ALIGN ((__data_load_start__ + SIZEOF (.data)), 0x4)

.tdata          0x0000000000004018        0x0 load address 0x00000000000032a8
                0x0000000000004018                __tdata_start__ = .
 *(.tdata .tdata.*)
                0x0000000000004018                __tdata_end__ = (__tdata_start__ + SIZEOF (.tdata))
                0x0000000000000000                __tdata_size__ = SIZEOF (.tdata)
                0x00000000000032a8                __tdata_load_end__ = (__tdata_load_start__ + SIZEOF (.tdata))

.tdata_run      0x0000000000004018        0x0
                0x0000000000004018                __tdata_run_start__ = .
                0x0000000000004018                __tdata_run_end__ = (__tdata_run_start__ + SIZEOF (.tdata))
                0x0000000000000000                __tdata_run_size__ = (__tdata_run_end__ - __tdata_run_start__)
                0x0000000000004018                __tdata_run_load_end__ = __tdata_run_end__
                0x0000000000004018                __bss_load_start__ = ALIGN (__tdata_run_end__, 0x4)

.bss            0x0000000000004018      0xaa0
                0x0000000000004018                __bss_start__ = .
 *(.bss .bss.* .gnu.linkonce.b.*)
 .bss.Arr_1_Glob
                0x0000000000004018       0x64 Output/Release/Obj/Dhry/main.o
                0x0000000000004018                Arr_1_Glob
 .bss.Arr_2_Glob
                0x000000000000407c      0x9c4 Output/Release/Obj/Dhry/main.o
                0x000000000000407c                Arr_2_Glob
 .bss.t1.1      0x0000000000004a40       0x3c Output/Release/Obj/Dhry/main.o
 .bss.t2.0      0x0000000000004a7c       0x3c Output/Release/Obj/Dhry/main.o
 *(COMMON)
                0x0000000000004ab8                __bss_end__ = (__bss_start__ + SIZEOF (.bss))
                0x0000000000000aa0                __bss_size__ = SIZEOF (.bss)
                0x0000000000004ab8                __bss_load_end__ = __bss_end__
                0x0000000000004ab8                __tbss_load_start__ = ALIGN (__bss_end__, 0x4)

.tbss           0x0000000000004ab8        0x0
                0x0000000000004ab8                __tbss_start__ = .
 *(.tbss .tbss.*)
                0x0000000000004ab8                __tbss_end__ = (__tbss_start__ + SIZEOF (.tbss))
                0x0000000000000000                __tbss_size__ = SIZEOF (.tbss)
                0x0000000000004ab8                __tbss_load_end__ = __tbss_end__
                0x00000000000032a8                __sdata_load_start__ = ALIGN ((__tdata_load_start__ + SIZEOF (.tdata)), 0x4)

.sdata          0x0000000000004ab8        0xc load address 0x00000000000032a8
                0x0000000000004ab8                __sdata_start__ = .
 *(.sdata.* .sdata2.*)
 .sdata.stdin   0x0000000000004ab8        0x4 Output/Release/Obj/Dhry/main.o
                0x0000000000004ab8                stdin
 .sdata.stdout  0x0000000000004abc        0x4 Output/Release/Obj/Dhry/main.o
                0x0000000000004abc                stdout
 .sdata.stderr  0x0000000000004ac0        0x4 Output/Release/Obj/Dhry/main.o
                0x0000000000004ac0                stderr
                0x0000000000004ac4                __sdata_end__ = (__sdata_start__ + SIZEOF (.sdata))
                0x000000000000000c                __sdata_size__ = SIZEOF (.sdata)
                0x00000000000032b4                __sdata_load_end__ = (__sdata_load_start__ + SIZEOF (.sdata))
                0x00000000000032b4                __FLASH1_segment_used_end__ = (ALIGN ((__tdata_load_start__ + SIZEOF (.tdata)), 0x4) + SIZEOF (.sdata))
                0x00000000000032b4                __FLASH1_segment_used_size__ = (__FLASH1_segment_used_end__ - __FLASH1_segment_start__)

.sdata_run      0x0000000000004ab8        0x0
                0x0000000000004ab8                __sdata_run_start__ = .
                0x0000000000004ac4                __sdata_run_end__ = (__sdata_run_start__ + SIZEOF (.sdata))
                0x000000000000000c                __sdata_run_size__ = (__sdata_run_end__ - __sdata_run_start__)
                0x0000000000004ac4                __sdata_run_load_end__ = __sdata_run_end__
                0x0000000000004ac4                __sbss_load_start__ = ALIGN (__sdata_run_end__, 0x4)

.sbss           0x0000000000004ac4       0x64
                0x0000000000004ac4                __sbss_start__ = .
 *(.sbss .sbss.*)
 .sbss.__SEGGER_RTL_stdin_file
                0x0000000000004ac4        0x4 Output/Release/Obj/Dhry/main.o
 .sbss.__SEGGER_RTL_stdout_file
                0x0000000000004ac8        0x4 Output/Release/Obj/Dhry/main.o
 .sbss.__SEGGER_RTL_stderr_file
                0x0000000000004acc        0x4 Output/Release/Obj/Dhry/main.o
 .sbss.i        0x0000000000004ad0        0x4 Output/Release/Obj/Dhry/main.o
                0x0000000000004ad0                i
 .sbss.CR       0x0000000000004ad4        0x1 Output/Release/Obj/Dhry/main.o
                0x0000000000004ad4                CR
 *fill*         0x0000000000004ad5        0x3 
 .sbss.Begin_Time
                0x0000000000004ad8        0x8 Output/Release/Obj/Dhry/main.o
                0x0000000000004ad8                Begin_Time
 .sbss.Ptr_Glob
                0x0000000000004ae0        0x4 Output/Release/Obj/Dhry/main.o
                0x0000000000004ae0                Ptr_Glob
 .sbss.Next_Ptr_Glob
                0x0000000000004ae4        0x4 Output/Release/Obj/Dhry/main.o
                0x0000000000004ae4                Next_Ptr_Glob
 .sbss.Int_Glob
                0x0000000000004ae8        0x4 Output/Release/Obj/Dhry/main.o
                0x0000000000004ae8                Int_Glob
 .sbss.Bool_Glob
                0x0000000000004aec        0x4 Output/Release/Obj/Dhry/main.o
                0x0000000000004aec                Bool_Glob
 .sbss.Ch_1_Glob
                0x0000000000004af0        0x1 Output/Release/Obj/Dhry/main.o
                0x0000000000004af0                Ch_1_Glob
 .sbss.Ch_2_Glob
                0x0000000000004af1        0x1 Output/Release/Obj/Dhry/main.o
                0x0000000000004af1                Ch_2_Glob
 *fill*         0x0000000000004af2        0x6 
 .sbss.End_Time
                0x0000000000004af8        0x8 Output/Release/Obj/Dhry/main.o
                0x0000000000004af8                End_Time
 .sbss.User_Time
                0x0000000000004b00        0x8 Output/Release/Obj/Dhry/main.o
                0x0000000000004b00                User_Time
 .sbss.Microseconds
                0x0000000000004b08        0x8 Output/Release/Obj/Dhry/main.o
                0x0000000000004b08                Microseconds
 .sbss.Dhrystones_Per_Second
                0x0000000000004b10        0x8 Output/Release/Obj/Dhry/main.o
                0x0000000000004b10                Dhrystones_Per_Second
 .sbss.Vax_Mips
                0x0000000000004b18        0x8 Output/Release/Obj/Dhry/main.o
                0x0000000000004b18                Vax_Mips
 .sbss.first.2  0x0000000000004b20        0x8 Output/Release/Obj/Dhry/main.o
                0x0000000000004b28                __sbss_end__ = (__sbss_start__ + SIZEOF (.sbss))
                0x0000000000000064                __sbss_size__ = SIZEOF (.sbss)
                0x0000000000004b28                __sbss_load_end__ = __sbss_end__
                0x0000000000004b28                __non_init_load_start__ = ALIGN (__sbss_end__, 0x4)

.non_init       0x0000000000004b28        0x0
                0x0000000000004b28                __non_init_start__ = .
 *(.non_init .non_init.*)
                0x0000000000004b28                __non_init_end__ = (__non_init_start__ + SIZEOF (.non_init))
                0x0000000000000000                __non_init_size__ = SIZEOF (.non_init)
                0x0000000000004b28                __non_init_load_end__ = __non_init_end__
                0x0000000000004b28                __heap_load_start__ = ALIGN (__non_init_end__, 0x4)

.heap           0x0000000000004b28      0x400
                0x0000000000004b28                __heap_start__ = .
 *(.heap .heap.*)
                0x0000000000004f28                . = ALIGN (MAX ((__heap_start__ + __HEAPSIZE__), .), 0x4)
 *fill*         0x0000000000004b28      0x400 
                0x0000000000004f28                __heap_end__ = (__heap_start__ + SIZEOF (.heap))
                0x0000000000000400                __heap_size__ = SIZEOF (.heap)
                0x0000000000004f28                __heap_load_end__ = __heap_end__
                0x0000000000007c00                __stack_load_start__ = (__RAM1_segment_start__ + (__RAM1_segment_size__ - 0x400))

.stack          0x0000000000007c00      0x400
                0x0000000000007c00                __stack_start__ = .
 *(.stack .stack.*)
                0x0000000000008000                . = ALIGN (MAX ((__stack_start__ + __STACKSIZE__), .), 0x4)
 *fill*         0x0000000000007c00      0x400 
                0x0000000000008000                __stack_end__ = (__stack_start__ + SIZEOF (.stack))
                0x0000000000000400                __stack_size__ = SIZEOF (.stack)
                0x0000000000008000                __stack_load_end__ = __stack_end__
                0x0000000000008000                __RAM1_segment_used_end__ = ((__RAM1_segment_start__ + (__RAM1_segment_size__ - 0x400)) + SIZEOF (.stack))
                0x0000000000004000                __RAM1_segment_used_size__ = (__RAM1_segment_used_end__ - __RAM1_segment_start__)
START GROUP
LOAD Output/Release/Obj/Dhry/main.o
LOAD Output/Release/Obj/Dhry/riscv_crt0.o
LOAD C:/Program Files/SEGGER/SEGGER Embedded Studio for RISC-V 6.20a/lib/libc_rv32i_balanced.a
LOAD C:/Program Files/SEGGER/SEGGER Embedded Studio for RISC-V 6.20a/lib/heapops_basic_rv32i_balanced.a
END GROUP
OUTPUT(C:/pr/cv32e40p/example_tb/fpga_sys/sw/Dhry/Segger_pr/Output/Release/Exe/Dhry.elf elf32-littleriscv)

.comment        0x0000000000000000       0x41
 .comment       0x0000000000000000       0x41 Output/Release/Obj/Dhry/main.o
                                         0x42 (size before relaxing)
 .comment       0x0000000000000041       0x42 C:/Program Files/SEGGER/SEGGER Embedded Studio for RISC-V 6.20a/lib/libc_rv32i_balanced.a(fileops.o)
 .comment       0x0000000000000041       0x42 C:/Program Files/SEGGER/SEGGER Embedded Studio for RISC-V 6.20a/lib/libc_rv32i_balanced.a(intops.o)
 .comment       0x0000000000000041       0x42 C:/Program Files/SEGGER/SEGGER Embedded Studio for RISC-V 6.20a/lib/libc_rv32i_balanced.a(strops.o)
 .comment       0x0000000000000041       0x42 C:/Program Files/SEGGER/SEGGER Embedded Studio for RISC-V 6.20a/lib/libc_rv32i_balanced.a(prinops.o)
 .comment       0x0000000000000041       0x42 C:/Program Files/SEGGER/SEGGER Embedded Studio for RISC-V 6.20a/lib/libc_rv32i_balanced.a(__SEGGER_RTL_vfprintf_int_nwp.o)

.riscv.attributes
                0x0000000000000000       0x20
 .riscv.attributes
                0x0000000000000000       0x20 Output/Release/Obj/Dhry/main.o
 .riscv.attributes
                0x0000000000000020       0x1a Output/Release/Obj/Dhry/riscv_crt0.o
 .riscv.attributes
                0x000000000000003a       0x1a C:/Program Files/SEGGER/SEGGER Embedded Studio for RISC-V 6.20a/lib/libc_rv32i_balanced.a(floatasmops_rv.o)
 .riscv.attributes
                0x0000000000000054       0x1a C:/Program Files/SEGGER/SEGGER Embedded Studio for RISC-V 6.20a/lib/libc_rv32i_balanced.a(intasmops_rv.o)
 .riscv.attributes
                0x000000000000006e       0x1a C:/Program Files/SEGGER/SEGGER Embedded Studio for RISC-V 6.20a/lib/libc_rv32i_balanced.a(strasmops_rv.o)
 .riscv.attributes
                0x0000000000000088       0x1c C:/Program Files/SEGGER/SEGGER Embedded Studio for RISC-V 6.20a/lib/libc_rv32i_balanced.a(fileops.o)
 .riscv.attributes
                0x00000000000000a4       0x1c C:/Program Files/SEGGER/SEGGER Embedded Studio for RISC-V 6.20a/lib/libc_rv32i_balanced.a(intops.o)
 .riscv.attributes
                0x00000000000000c0       0x1c C:/Program Files/SEGGER/SEGGER Embedded Studio for RISC-V 6.20a/lib/libc_rv32i_balanced.a(strops.o)
 .riscv.attributes
                0x00000000000000dc       0x1c C:/Program Files/SEGGER/SEGGER Embedded Studio for RISC-V 6.20a/lib/libc_rv32i_balanced.a(prinops.o)
 .riscv.attributes
                0x00000000000000f8       0x1c C:/Program Files/SEGGER/SEGGER Embedded Studio for RISC-V 6.20a/lib/libc_rv32i_balanced.a(__SEGGER_RTL_vfprintf_int_nwp.o)

.debug_frame    0x0000000000000000      0x350
 .debug_frame   0x0000000000000000      0x270 C:/Program Files/SEGGER/SEGGER Embedded Studio for RISC-V 6.20a/lib/libc_rv32i_balanced.a(floatasmops_rv.o)
 .debug_frame   0x0000000000000270       0x90 C:/Program Files/SEGGER/SEGGER Embedded Studio for RISC-V 6.20a/lib/libc_rv32i_balanced.a(intasmops_rv.o)
 .debug_frame   0x0000000000000300       0x50 C:/Program Files/SEGGER/SEGGER Embedded Studio for RISC-V 6.20a/lib/libc_rv32i_balanced.a(strasmops_rv.o)
