Archive member included to satisfy reference by file (symbol)

C:/Program Files/SEGGER/SEGGER Embedded Studio for RISC-V 6.20a/lib/libc_rv32ima_balanced.a(floatasmops_rv.o)
                              Output/Debug/Obj/Dhry/main.o (__divdf3)
C:/Program Files/SEGGER/SEGGER Embedded Studio for RISC-V 6.20a/lib/libc_rv32ima_balanced.a(strasmops_rv.o)
                              Output/Debug/Obj/Dhry/main.o (strlen)
C:/Program Files/SEGGER/SEGGER Embedded Studio for RISC-V 6.20a/lib/libc_rv32ima_balanced.a(fileops.o)
                              Output/Debug/Obj/Dhry/main.o (puts)
C:/Program Files/SEGGER/SEGGER Embedded Studio for RISC-V 6.20a/lib/libc_rv32ima_balanced.a(intops.o)
                              Output/Debug/Obj/Dhry/main.o (__udivdi3)
C:/Program Files/SEGGER/SEGGER Embedded Studio for RISC-V 6.20a/lib/libc_rv32ima_balanced.a(strops.o)
                              Output/Debug/Obj/Dhry/main.o (memcpy)
C:/Program Files/SEGGER/SEGGER Embedded Studio for RISC-V 6.20a/lib/libc_rv32ima_balanced.a(prinops.o)
                              Output/Debug/Obj/Dhry/main.o (printf)
C:/Program Files/SEGGER/SEGGER Embedded Studio for RISC-V 6.20a/lib/libc_rv32ima_balanced.a(__SEGGER_RTL_vfprintf_int_nwp.o)
                              (__SEGGER_RTL_vfprintf_int_nwp)
C:/Program Files/SEGGER/SEGGER Embedded Studio for RISC-V 6.20a/lib/libc_rv32ima_balanced.a(__SEGGER_RTL_vfscanf_int.o)
                              (__SEGGER_RTL_vfscanf_int)
C:/Program Files/SEGGER/SEGGER Embedded Studio for RISC-V 6.20a/lib/libc_rv32ima_balanced.a(errno.o)
                              C:/Program Files/SEGGER/SEGGER Embedded Studio for RISC-V 6.20a/lib/libc_rv32ima_balanced.a(fileops.o) (__SEGGER_RTL_X_errno_addr)
C:/Program Files/SEGGER/SEGGER Embedded Studio for RISC-V 6.20a/lib/libc_rv32ima_balanced.a(heapops.o)
                              C:/Program Files/SEGGER/SEGGER Embedded Studio for RISC-V 6.20a/lib/libc_rv32ima_balanced.a(strops.o) (malloc)
C:/Program Files/SEGGER/SEGGER Embedded Studio for RISC-V 6.20a/lib/libc_rv32ima_balanced.a(mbops.o)
                              C:/Program Files/SEGGER/SEGGER Embedded Studio for RISC-V 6.20a/lib/libc_rv32ima_balanced.a(prinops.o) (__SEGGER_RTL_init_mbstate)
C:/Program Files/SEGGER/SEGGER Embedded Studio for RISC-V 6.20a/lib/libc_rv32ima_balanced.a(sortops.o)
                              C:/Program Files/SEGGER/SEGGER Embedded Studio for RISC-V 6.20a/lib/libc_rv32ima_balanced.a(mbops.o) (bsearch)
C:/Program Files/SEGGER/SEGGER Embedded Studio for RISC-V 6.20a/lib/libc_rv32ima_balanced.a(timeops.o)
                              C:/Program Files/SEGGER/SEGGER Embedded Studio for RISC-V 6.20a/lib/libc_rv32ima_balanced.a(mbops.o) (__SEGGER_RTL_string_list_encode)
C:/Program Files/SEGGER/SEGGER Embedded Studio for RISC-V 6.20a/lib/libc_rv32ima_balanced.a(utilops.o)
                              C:/Program Files/SEGGER/SEGGER Embedded Studio for RISC-V 6.20a/lib/libc_rv32ima_balanced.a(__SEGGER_RTL_vfscanf_int.o) (__SEGGER_RTL_digit)
C:/Program Files/SEGGER/SEGGER Embedded Studio for RISC-V 6.20a/lib/heapops_basic_rv32ima_balanced.a(heapops_basic.o)
                              C:/Program Files/SEGGER/SEGGER Embedded Studio for RISC-V 6.20a/lib/libc_rv32ima_balanced.a(heapops.o) (__SEGGER_RTL_alloc)

Discarded input sections

 .group         0x0000000000000000        0xc Output/Debug/Obj/Dhry/main.o
 .group         0x0000000000000000        0xc Output/Debug/Obj/Dhry/main.o
 .group         0x0000000000000000        0xc Output/Debug/Obj/Dhry/main.o
 .group         0x0000000000000000        0xc Output/Debug/Obj/Dhry/main.o
 .group         0x0000000000000000        0xc Output/Debug/Obj/Dhry/main.o
 .group         0x0000000000000000        0xc Output/Debug/Obj/Dhry/main.o
 .group         0x0000000000000000        0xc Output/Debug/Obj/Dhry/main.o
 .group         0x0000000000000000        0xc Output/Debug/Obj/Dhry/main.o
 .group         0x0000000000000000        0xc Output/Debug/Obj/Dhry/main.o
 .group         0x0000000000000000        0xc Output/Debug/Obj/Dhry/main.o
 .group         0x0000000000000000        0xc Output/Debug/Obj/Dhry/main.o
 .group         0x0000000000000000        0xc Output/Debug/Obj/Dhry/main.o
 .group         0x0000000000000000        0xc Output/Debug/Obj/Dhry/main.o
 .group         0x0000000000000000        0xc Output/Debug/Obj/Dhry/main.o
 .group         0x0000000000000000        0xc Output/Debug/Obj/Dhry/main.o
 .group         0x0000000000000000        0xc Output/Debug/Obj/Dhry/main.o
 .group         0x0000000000000000        0xc Output/Debug/Obj/Dhry/main.o
 .group         0x0000000000000000        0xc Output/Debug/Obj/Dhry/main.o
 .group         0x0000000000000000        0xc Output/Debug/Obj/Dhry/main.o
 .text          0x0000000000000000        0x0 Output/Debug/Obj/Dhry/main.o
 .data          0x0000000000000000        0x0 Output/Debug/Obj/Dhry/main.o
 .bss           0x0000000000000000        0x0 Output/Debug/Obj/Dhry/main.o
 .srodata.MTIMER
[...]
Memory Configuration

Name             Origin             Length             Attributes
UNPLACED_SECTIONS 0x0000000100000000 0x0000000000000000 xw
RAM1             0x0000000000004000 0x0000000000004000 xw
FLASH1           0x0000000000000000 0x0000000000004000 xw
*default*        0x0000000000000000 0xffffffffffffffff

Linker script and memory map

                0x0000000000002d30                __SEGGER_RTL_vfprintf = __SEGGER_RTL_vfprintf_int_nwp
                0x0000000000000000                __SEGGER_RTL_vfscanf = __SEGGER_RTL_vfscanf_int
                0x0000000000004000                __RAM1_segment_start__ = 0x4000
                0x0000000000008000                __RAM1_segment_end__ = 0x8000
                0x0000000000004000                __RAM1_segment_size__ = 0x4000
                0x0000000000000000                __FLASH1_segment_start__ = 0x0
                0x0000000000004000                __FLASH1_segment_end__ = 0x4000
                0x0000000000004000                __FLASH1_segment_size__ = 0x4000
                0x0000000000000400                __HEAPSIZE__ = 0x400
                0x0000000000000400                __STACKSIZE__ = 0x400
                0x0000000000000000                __vectors_load_start__ = __FLASH1_segment_start__

.vectors        0x0000000000000000        0x0
                0x0000000000000000                __vectors_start__ = .
 *(.vectors .vectors.*)
                0x0000000000000000                __vectors_end__ = (__vectors_start__ + SIZEOF (.vectors))
                0x0000000000000000                __vectors_size__ = SIZEOF (.vectors)
                0x0000000000000000                __vectors_load_end__ = __vectors_end__
                0x0000000000000001                . = ASSERT (((__vectors_start__ == __vectors_end__) || ((__vectors_end__ - __FLASH1_segment_start__) <= __FLASH1_segment_size__)), error: .vectors is too large to fit in FLASH1 memory segment)
                0x0000000000000000                __init_load_start__ = ALIGN (__vectors_end__, 0x4)

.init           0x0000000000000000      0x1bc
                0x0000000000000000                __init_start__ = .
 *(.init .init.*)
 .init          0x0000000000000000      0x1bc Output/Debug/Obj/Dhry/riscv_crt0.o
                0x0000000000000000                _start
                0x0000000000000174                start
                0x00000000000001ac                exit
                0x00000000000001bc                __init_end__ = (__init_start__ + SIZEOF (.init))
                0x00000000000001bc                __init_size__ = SIZEOF (.init)
                0x00000000000001bc                __init_load_end__ = __init_end__
                0x0000000000000001                . = ASSERT (((__init_start__ == __init_end__) || ((__init_end__ - __FLASH1_segment_start__) <= __FLASH1_segment_size__)), error: .init is too large to fit in FLASH1 memory segment)
                0x00000000000001bc                __init_rodata_load_start__ = ALIGN (__init_end__, 0x4)

.init_rodata    0x00000000000001bc        0x0
                0x00000000000001bc                __init_rodata_start__ = .
 *(.init_rodata .init_rodata.*)
                0x00000000000001bc                __init_rodata_end__ = (__init_rodata_start__ + SIZEOF (.init_rodata))
                0x0000000000000000                __init_rodata_size__ = SIZEOF (.init_rodata)
                0x00000000000001bc                __init_rodata_load_end__ = __init_rodata_end__
                0x0000000000000001                . = ASSERT (((__init_rodata_start__ == __init_rodata_end__) || ((__init_rodata_end__ - __FLASH1_segment_start__) <= __FLASH1_segment_size__)), error: .init_rodata is too large to fit in FLASH1 memory segment)
                0x00000000000001bc                __text_load_start__ = ALIGN (__init_rodata_end__, 0x4)

.text           0x00000000000001bc     0x3270
                0x00000000000001bc                __text_start__ = .
 *(.text .text.* .gnu.linkonce.t.*)
 .text.mtimer_mtime
                0x00000000000001bc       0x78 Output/Debug/Obj/Dhry/main.o
 .text.handle_UART_interrupt
                0x0000000000000234       0xf8 Output/Debug/Obj/Dhry/main.o
                0x0000000000000234                handle_UART_interrupt
 .text.handle_TIMER_interrupt
                0x000000000000032c       0xa8 Output/Debug/Obj/Dhry/main.o
                0x000000000000032c                handle_TIMER_interrupt
 .text.handle_trap
                0x00000000000003d4       0x74 Output/Debug/Obj/Dhry/main.o
                0x00000000000003d4                handle_trap
 .text.init_UART
                0x0000000000000448       0x58 Output/Debug/Obj/Dhry/main.o
                0x0000000000000448                init_UART
 .text.get_us   0x00000000000004a0       0xf0 Output/Debug/Obj/Dhry/main.o
                0x00000000000004a0                get_us
 .text.__SEGGER_RTL_X_file_write
                0x0000000000000590       0x7c Output/Debug/Obj/Dhry/main.o
                0x0000000000000590                __SEGGER_RTL_X_file_write
 .text.__SEGGER_RTL_X_file_stat
                0x000000000000060c       0x50 Output/Debug/Obj/Dhry/main.o
                0x000000000000060c                __SEGGER_RTL_X_file_stat
 .text.__SEGGER_RTL_X_file_bufsize
                0x000000000000065c       0x18 Output/Debug/Obj/Dhry/main.o
                0x000000000000065c                __SEGGER_RTL_X_file_bufsize
 .text.main     0x0000000000000674       0x20 Output/Debug/Obj/Dhry/main.o
                0x0000000000000674                main
 .text.dhry     0x0000000000000694      0x9e0 Output/Debug/Obj/Dhry/main.o
                0x0000000000000694                dhry
 .text.Proc_1   0x0000000000001074      0x118 Output/Debug/Obj/Dhry/main.o
                0x0000000000001074                Proc_1
 .text.Proc_2   0x000000000000118c       0x68 Output/Debug/Obj/Dhry/main.o
                0x000000000000118c                Proc_2
 .text.Proc_3   0x00000000000011f4       0x60 Output/Debug/Obj/Dhry/main.o
                0x00000000000011f4                Proc_3
 .text.Proc_4   0x0000000000001254       0x4c Output/Debug/Obj/Dhry/main.o
                0x0000000000001254                Proc_4
 .text.Proc_5   0x00000000000012a0       0x1c Output/Debug/Obj/Dhry/main.o
                0x00000000000012a0                Proc_5
 .text.Proc_6   0x00000000000012bc       0xd0 Output/Debug/Obj/Dhry/main.o
                0x00000000000012bc                Proc_6
 .text.Proc_7   0x000000000000138c       0x3c Output/Debug/Obj/Dhry/main.o
                0x000000000000138c                Proc_7
 .text.Proc_8   0x00000000000013c8      0x178 Output/Debug/Obj/Dhry/main.o
                0x00000000000013c8                Proc_8
 .text.Func_1   0x0000000000001540       0x58 Output/Debug/Obj/Dhry/main.o
                0x0000000000001540                Func_1
 .text.Func_2   0x0000000000001598       0xf0 Output/Debug/Obj/Dhry/main.o
                0x0000000000001598                Func_2
 .text.Func_3   0x0000000000001688       0x38 Output/Debug/Obj/Dhry/main.o
                0x0000000000001688                Func_3
 .text.trap_entry
                0x00000000000016c0       0xb0 Output/Debug/Obj/Dhry/riscv_crt0.o
                0x00000000000016c0                trap_entry
                0x0000000000001768                _init
                0x000000000000176c                _fini
 .text.libc.__divdf3
                0x0000000000001770      0x274 C:/Program Files/SEGGER/SEGGER Embedded Studio for RISC-V 6.20a/lib/libc_rv32ima_balanced.a(floatasmops_rv.o)
                0x0000000000001770                __divdf3
 .text.libc.__fixunsdfsi
                0x00000000000019e4       0x48 C:/Program Files/SEGGER/SEGGER Embedded Studio for RISC-V 6.20a/lib/libc_rv32ima_balanced.a(floatasmops_rv.o)
                0x00000000000019e4                __fixunsdfsi
 .text.libc.__floatundidf
                0x0000000000001a2c      0x11c C:/Program Files/SEGGER/SEGGER Embedded Studio for RISC-V 6.20a/lib/libc_rv32ima_balanced.a(floatasmops_rv.o)
                0x0000000000001a2c                __floatundidf
 .text.libc.strlen
                0x0000000000001b48       0x98 C:/Program Files/SEGGER/SEGGER Embedded Studio for RISC-V 6.20a/lib/libc_rv32ima_balanced.a(strasmops_rv.o)
                0x0000000000001b48                strlen
 .text.libc.strcmp
                0x0000000000001be0       0x6c C:/Program Files/SEGGER/SEGGER Embedded Studio for RISC-V 6.20a/lib/libc_rv32ima_balanced.a(strasmops_rv.o)
                0x0000000000001be0                strcmp
 .text.libc.fwrite
                0x0000000000001c4c       0xa8 C:/Program Files/SEGGER/SEGGER Embedded Studio for RISC-V 6.20a/lib/libc_rv32ima_balanced.a(fileops.o)
                0x0000000000001c4c                fwrite
 .text.libc.fputc
                0x0000000000001cf4       0x40 C:/Program Files/SEGGER/SEGGER Embedded Studio for RISC-V 6.20a/lib/libc_rv32ima_balanced.a(fileops.o)
                0x0000000000001cf4                fputc
 .text.libc.putchar
                0x0000000000001d34        0xc C:/Program Files/SEGGER/SEGGER Embedded Studio for RISC-V 6.20a/lib/libc_rv32ima_balanced.a(fileops.o)
                0x0000000000001d34                putchar
 .text.libc.puts
                0x0000000000001d40       0x64 C:/Program Files/SEGGER/SEGGER Embedded Studio for RISC-V 6.20a/lib/libc_rv32ima_balanced.a(fileops.o)
                0x0000000000001d40                puts
 .text.libc.__udivdi3
                0x0000000000001da4      0x624 C:/Program Files/SEGGER/SEGGER Embedded Studio for RISC-V 6.20a/lib/libc_rv32ima_balanced.a(intops.o)
                0x0000000000001da4                __udivdi3
 .text.libc.__umoddi3
                0x00000000000023c8      0x6e4 C:/Program Files/SEGGER/SEGGER Embedded Studio for RISC-V 6.20a/lib/libc_rv32ima_balanced.a(intops.o)
                0x00000000000023c8                __umoddi3
 .text.libc.memcpy
                0x0000000000002aac       0x24 C:/Program Files/SEGGER/SEGGER Embedded Studio for RISC-V 6.20a/lib/libc_rv32ima_balanced.a(strops.o)
                0x0000000000002aac                memcpy
 .text.libc.__SEGGER_RTL_stream_write
                0x0000000000002ad0       0x10 C:/Program Files/SEGGER/SEGGER Embedded Studio for RISC-V 6.20a/lib/libc_rv32ima_balanced.a(prinops.o)
 .text.libc.__SEGGER_RTL_putc
                0x0000000000002ae0      0x150 C:/Program Files/SEGGER/SEGGER Embedded Studio for RISC-V 6.20a/lib/libc_rv32ima_balanced.a(prinops.o)
                0x0000000000002ae0                __SEGGER_RTL_putc
 .text.libc.__SEGGER_RTL_prin_flush
                0x0000000000002c30       0x40 C:/Program Files/SEGGER/SEGGER Embedded Studio for RISC-V 6.20a/lib/libc_rv32ima_balanced.a(prinops.o)
                0x0000000000002c30                __SEGGER_RTL_prin_flush
 .text.libc.printf
                0x0000000000002c70       0xc0 C:/Program Files/SEGGER/SEGGER Embedded Studio for RISC-V 6.20a/lib/libc_rv32ima_balanced.a(prinops.o)
                0x0000000000002c70                printf
 .text.libc.__SEGGER_RTL_vfprintf_int_nwp
                0x0000000000002d30      0x6fc C:/Program Files/SEGGER/SEGGER Embedded Studio for RISC-V 6.20a/lib/libc_rv32ima_balanced.a(__SEGGER_RTL_vfprintf_int_nwp.o)
                0x0000000000002d30                __SEGGER_RTL_vfprintf_int_nwp
                0x000000000000342c                __text_end__ = (__text_start__ + SIZEOF (.text))
                0x0000000000003270                __text_size__ = SIZEOF (.text)
                0x000000000000342c                __text_load_end__ = __text_end__
                0x0000000000000001                . = ASSERT (((__text_start__ == __text_end__) || ((__text_end__ - __FLASH1_segment_start__) <= __FLASH1_segment_size__)), error: .text is too large to fit in FLASH1 memory segment)
                0x000000000000342c                __dtors_load_start__ = ALIGN (__text_end__, 0x4)

.dtors          0x000000000000342c        0x0
                0x000000000000342c                __dtors_start__ = .
 *(SORT_BY_NAME(.dtors.*))
 *(.dtors)
 *(.fini_array)
 *(SORT_BY_NAME(.fini_array.*))
                0x000000000000342c                __dtors_end__ = (__dtors_start__ + SIZEOF (.dtors))
                0x0000000000000000                __dtors_size__ = SIZEOF (.dtors)
                0x000000000000342c                __dtors_load_end__ = __dtors_end__
                0x0000000000000001                . = ASSERT (((__dtors_start__ == __dtors_end__) || ((__dtors_end__ - __FLASH1_segment_start__) <= __FLASH1_segment_size__)), error: .dtors is too large to fit in FLASH1 memory segment)
                0x000000000000342c                __ctors_load_start__ = ALIGN (__dtors_end__, 0x4)

.ctors          0x000000000000342c        0x0
                0x000000000000342c                __ctors_start__ = .
 *(SORT_BY_NAME(.ctors.*))
 *(.ctors)
 *(.init_array)
 *(SORT_BY_NAME(.init_array.*))
                0x000000000000342c                __ctors_end__ = (__ctors_start__ + SIZEOF (.ctors))
                0x0000000000000000                __ctors_size__ = SIZEOF (.ctors)
                0x000000000000342c                __ctors_load_end__ = __ctors_end__
                0x0000000000000001                . = ASSERT (((__ctors_start__ == __ctors_end__) || ((__ctors_end__ - __FLASH1_segment_start__) <= __FLASH1_segment_size__)), error: .ctors is too large to fit in FLASH1 memory segment)
                0x000000000000342c                __rodata_load_start__ = ALIGN (__ctors_end__, 0x4)

.rodata         0x000000000000342c      0x87c
                0x000000000000342c                __rodata_start__ = .
 *(.rodata .rodata.* .gnu.linkonce.r.*)
 *fill*         0x000000000000342c        0x4 
 .rodata        0x0000000000003430      0x568 Output/Debug/Obj/Dhry/main.o
 .rodata.Proc_6
                0x0000000000003998       0x14 Output/Debug/Obj/Dhry/main.o
 .rodata.libc.__SEGGER_RTL_hex_lc
                0x00000000000039ac       0x10 C:/Program Files/SEGGER/SEGGER Embedded Studio for RISC-V 6.20a/lib/libc_rv32ima_balanced.a(prinops.o)
                0x00000000000039ac                __SEGGER_RTL_hex_lc
 .rodata.libc.__SEGGER_RTL_hex_uc
                0x00000000000039bc       0x10 C:/Program Files/SEGGER/SEGGER Embedded Studio for RISC-V 6.20a/lib/libc_rv32ima_balanced.a(prinops.o)
                0x00000000000039bc                __SEGGER_RTL_hex_uc
 .rodata.libc.__SEGGER_RTL_vfprintf_int_nwp
                0x00000000000039cc      0x2dc C:/Program Files/SEGGER/SEGGER Embedded Studio for RISC-V 6.20a/lib/libc_rv32ima_balanced.a(__SEGGER_RTL_vfprintf_int_nwp.o)
                0x0000000000003ca8                __rodata_end__ = (__rodata_start__ + SIZEOF (.rodata))
                0x000000000000087c                __rodata_size__ = SIZEOF (.rodata)
                0x0000000000003ca8                __rodata_load_end__ = __rodata_end__

.rela.dyn       0x0000000000003ca8        0x0
 .rela.text.get_us
                0x0000000000003ca8        0x0 Output/Debug/Obj/Dhry/main.o
 .rela.text.dhry
                0x0000000000003ca8        0x0 Output/Debug/Obj/Dhry/main.o
 .rela.text.Proc_1
                0x0000000000003ca8        0x0 Output/Debug/Obj/Dhry/main.o
 .rela.init     0x0000000000003ca8        0x0 Output/Debug/Obj/Dhry/main.o
 .rela.text.libc.fputc
                0x0000000000003ca8        0x0 Output/Debug/Obj/Dhry/main.o
 .rela.text.libc.putchar
                0x0000000000003ca8        0x0 Output/Debug/Obj/Dhry/main.o
 .rela.text.libc.puts
                0x0000000000003ca8        0x0 Output/Debug/Obj/Dhry/main.o
 .rela.text.libc.__SEGGER_RTL_stream_write
                0x0000000000003ca8        0x0 Output/Debug/Obj/Dhry/main.o
 .rela.text.libc.printf
                0x0000000000003ca8        0x0 Output/Debug/Obj/Dhry/main.o
 .rela.text.libc.__SEGGER_RTL_vfprintf_int_nwp
                0x0000000000003ca8        0x0 Output/Debug/Obj/Dhry/main.o
                0x0000000000000001                . = ASSERT (((__rodata_start__ == __rodata_end__) || ((__rodata_end__ - __FLASH1_segment_start__) <= __FLASH1_segment_size__)), error: .rodata is too large to fit in FLASH1 memory segment)
                0x0000000000003ca8                __srodata_load_start__ = ALIGN (__rodata_end__, 0x4)

.srodata        0x0000000000003ca8        0x0
                0x0000000000003ca8                __srodata_start__ = .
 *(.srodata .srodata.*)
                0x0000000000003ca8                __srodata_end__ = (__srodata_start__ + SIZEOF (.srodata))
                0x0000000000000000                __srodata_size__ = SIZEOF (.srodata)
                0x0000000000003ca8                __srodata_load_end__ = __srodata_end__
                0x0000000000000001                . = ASSERT (((__srodata_start__ == __srodata_end__) || ((__srodata_end__ - __FLASH1_segment_start__) <= __FLASH1_segment_size__)), error: .srodata is too large to fit in FLASH1 memory segment)
                0x0000000000003ca8                __eh_frame_load_start__ = ALIGN (__srodata_end__, 0x4)

.eh_frame       0x0000000000003ca8        0x0
                0x0000000000003ca8                __eh_frame_start__ = .
 *(.eh_frame .eh_frame.*)
                0x0000000000003ca8                __eh_frame_end__ = (__eh_frame_start__ + SIZEOF (.eh_frame))
                0x0000000000000000                __eh_frame_size__ = SIZEOF (.eh_frame)
                0x0000000000003ca8                __eh_frame_load_end__ = __eh_frame_end__
                0x0000000000000001                . = ASSERT (((__eh_frame_start__ == __eh_frame_end__) || ((__eh_frame_end__ - __FLASH1_segment_start__) <= __FLASH1_segment_size__)), error: .eh_frame is too large to fit in FLASH1 memory segment)
                0x0000000000003ca8                __gcc_except_table_load_start__ = ALIGN (__eh_frame_end__, 0x4)

.gcc_except_table
                0x0000000000003ca8        0x0
                0x0000000000003ca8                __gcc_except_table_start__ = .
 *(.gcc_except_table .gcc_except_table.*)
                0x0000000000003ca8                __gcc_except_table_end__ = (__gcc_except_table_start__ + SIZEOF (.gcc_except_table))
                0x0000000000000000                __gcc_except_table_size__ = SIZEOF (.gcc_except_table)
                0x0000000000003ca8                __gcc_except_table_load_end__ = __gcc_except_table_end__
                0x0000000000000001                . = ASSERT (((__gcc_except_table_start__ == __gcc_except_table_end__) || ((__gcc_except_table_end__ - __FLASH1_segment_start__) <= __FLASH1_segment_size__)), error: .gcc_except_table is too large to fit in FLASH1 memory segment)
                0x0000000000003ca8                __data_load_start__ = ALIGN (__gcc_except_table_end__, 0x4)

.data           0x0000000000004000       0x15 load address 0x0000000000003ca8
                0x0000000000004000                __data_start__ = .
 *(.data .data.* .gnu.linkonce.d.*)
 .data.messege  0x0000000000004000       0x15 Output/Debug/Obj/Dhry/main.o
                0x0000000000004000                messege
                0x0000000000004015                __data_end__ = (__data_start__ + SIZEOF (.data))
                0x0000000000000015                __data_size__ = SIZEOF (.data)
                0x0000000000003cbd                __data_load_end__ = (__data_load_start__ + SIZEOF (.data))
                0x0000000000000001                . = ASSERT (((__data_load_start__ == __data_load_end__) || ((__data_load_end__ - __FLASH1_segment_start__) <= __FLASH1_segment_size__)), error: .data is too large to fit in FLASH1 memory segment)

.data_run       0x0000000000004000        0x0
                0x0000000000004000                __data_run_start__ = .
                0x0000000000004015                __data_run_end__ = (__data_run_start__ + SIZEOF (.data))
                0x0000000000000015                __data_run_size__ = (__data_run_end__ - __data_run_start__)
                0x0000000000004015                __data_run_load_end__ = __data_run_end__
                0x0000000000000001                . = ASSERT (((__data_run_start__ == __data_run_end__) || ((__data_run_end__ - __RAM1_segment_start__) <= __RAM1_segment_size__)), error: .data_run is too large to fit in RAM1 memory segment)
                0x0000000000003cc0                __tdata_load_start__ = ALIGN ((__data_load_start__ + SIZEOF (.data)), 0x4)

.tdata          0x0000000000004018        0x0 load address 0x0000000000003cc0
                0x0000000000004018                __tdata_start__ = .
 *(.tdata .tdata.*)
                0x0000000000004018                __tdata_end__ = (__tdata_start__ + SIZEOF (.tdata))
                0x0000000000000000                __tdata_size__ = SIZEOF (.tdata)
                0x0000000000003cc0                __tdata_load_end__ = (__tdata_load_start__ + SIZEOF (.tdata))
                0x0000000000000001                . = ASSERT (((__tdata_load_start__ == __tdata_load_end__) || ((__tdata_load_end__ - __FLASH1_segment_start__) <= __FLASH1_segment_size__)), error: .tdata is too large to fit in FLASH1 memory segment)

.tdata_run      0x0000000000004018        0x0
                0x0000000000004018                __tdata_run_start__ = .
                0x0000000000004018                __tdata_run_end__ = (__tdata_run_start__ + SIZEOF (.tdata))
                0x0000000000000000                __tdata_run_size__ = (__tdata_run_end__ - __tdata_run_start__)
                0x0000000000004018                __tdata_run_load_end__ = __tdata_run_end__
                0x0000000000000001                . = ASSERT (((__tdata_run_start__ == __tdata_run_end__) || ((__tdata_run_end__ - __RAM1_segment_start__) <= __RAM1_segment_size__)), error: .tdata_run is too large to fit in RAM1 memory segment)
                0x0000000000004018                __bss_load_start__ = ALIGN (__tdata_run_end__, 0x4)

.bss            0x0000000000004018      0xaa0
                0x0000000000004018                __bss_start__ = .
 *(.bss .bss.* .gnu.linkonce.b.*)
 .bss.Arr_1_Glob
                0x0000000000004018       0x64 Output/Debug/Obj/Dhry/main.o
                0x0000000000004018                Arr_1_Glob
 .bss.Arr_2_Glob
                0x000000000000407c      0x9c4 Output/Debug/Obj/Dhry/main.o
                0x000000000000407c                Arr_2_Glob
 .bss.t1.1      0x0000000000004a40       0x3c Output/Debug/Obj/Dhry/main.o
 .bss.t2.0      0x0000000000004a7c       0x3c Output/Debug/Obj/Dhry/main.o
 *(COMMON)
                0x0000000000004ab8                __bss_end__ = (__bss_start__ + SIZEOF (.bss))
                0x0000000000000aa0                __bss_size__ = SIZEOF (.bss)
                0x0000000000004ab8                __bss_load_end__ = __bss_end__
                0x0000000000000001                . = ASSERT (((__bss_start__ == __bss_end__) || ((__bss_end__ - __RAM1_segment_start__) <= __RAM1_segment_size__)), error: .bss is too large to fit in RAM1 memory segment)
                0x0000000000004ab8                __tbss_load_start__ = ALIGN (__bss_end__, 0x4)

.tbss           0x0000000000004ab8        0x0
                0x0000000000004ab8                __tbss_start__ = .
 *(.tbss .tbss.*)
                0x0000000000004ab8                __tbss_end__ = (__tbss_start__ + SIZEOF (.tbss))
                0x0000000000000000                __tbss_size__ = SIZEOF (.tbss)
                0x0000000000004ab8                __tbss_load_end__ = __tbss_end__
                0x0000000000000001                . = ASSERT (((__tbss_start__ == __tbss_end__) || ((__tbss_end__ - __RAM1_segment_start__) <= __RAM1_segment_size__)), error: .tbss is too large to fit in RAM1 memory segment)
                0x0000000000003cc0                __sdata_load_start__ = ALIGN ((__tdata_load_start__ + SIZEOF (.tdata)), 0x4)

.sdata          0x0000000000004ab8        0xc load address 0x0000000000003cc0
                0x0000000000004ab8                __sdata_start__ = .
 *(.sdata.* .sdata2.*)
 .sdata.stdin   0x0000000000004ab8        0x4 Output/Debug/Obj/Dhry/main.o
                0x0000000000004ab8                stdin
 .sdata.stdout  0x0000000000004abc        0x4 Output/Debug/Obj/Dhry/main.o
                0x0000000000004abc                stdout
 .sdata.stderr  0x0000000000004ac0        0x4 Output/Debug/Obj/Dhry/main.o
                0x0000000000004ac0                stderr
                0x0000000000004ac4                __sdata_end__ = (__sdata_start__ + SIZEOF (.sdata))
                0x000000000000000c                __sdata_size__ = SIZEOF (.sdata)
                0x0000000000003ccc                __sdata_load_end__ = (__sdata_load_start__ + SIZEOF (.sdata))
                0x0000000000003ccc                __FLASH1_segment_used_end__ = (ALIGN ((__tdata_load_start__ + SIZEOF (.tdata)), 0x4) + SIZEOF (.sdata))
                0x0000000000003ccc                __FLASH1_segment_used_size__ = (__FLASH1_segment_used_end__ - __FLASH1_segment_start__)
                0x0000000000000001                . = ASSERT (((__sdata_load_start__ == __sdata_load_end__) || ((__sdata_load_end__ - __FLASH1_segment_start__) <= __FLASH1_segment_size__)), error: .sdata is too large to fit in FLASH1 memory segment)

.sdata_run      0x0000000000004ab8        0x0
                0x0000000000004ab8                __sdata_run_start__ = .
                0x0000000000004ac4                __sdata_run_end__ = (__sdata_run_start__ + SIZEOF (.sdata))
                0x000000000000000c                __sdata_run_size__ = (__sdata_run_end__ - __sdata_run_start__)
                0x0000000000004ac4                __sdata_run_load_end__ = __sdata_run_end__
                0x0000000000000001                . = ASSERT (((__sdata_run_start__ == __sdata_run_end__) || ((__sdata_run_end__ - __RAM1_segment_start__) <= __RAM1_segment_size__)), error: .sdata_run is too large to fit in RAM1 memory segment)
                0x0000000000004ac4                __sbss_load_start__ = ALIGN (__sdata_run_end__, 0x4)

.sbss           0x0000000000004ac4       0x64
                0x0000000000004ac4                __sbss_start__ = .
 *(.sbss .sbss.*)
 .sbss.__SEGGER_RTL_stdin_file
                0x0000000000004ac4        0x4 Output/Debug/Obj/Dhry/main.o
 .sbss.__SEGGER_RTL_stdout_file
                0x0000000000004ac8        0x4 Output/Debug/Obj/Dhry/main.o
 .sbss.__SEGGER_RTL_stderr_file
                0x0000000000004acc        0x4 Output/Debug/Obj/Dhry/main.o
 .sbss.i        0x0000000000004ad0        0x4 Output/Debug/Obj/Dhry/main.o
                0x0000000000004ad0                i
 .sbss.CR       0x0000000000004ad4        0x1 Output/Debug/Obj/Dhry/main.o
                0x0000000000004ad4                CR
 *fill*         0x0000000000004ad5        0x3 
 .sbss.Begin_Time
                0x0000000000004ad8        0x8 Output/Debug/Obj/Dhry/main.o
                0x0000000000004ad8                Begin_Time
 .sbss.Ptr_Glob
                0x0000000000004ae0        0x4 Output/Debug/Obj/Dhry/main.o
                0x0000000000004ae0                Ptr_Glob
 .sbss.Next_Ptr_Glob
                0x0000000000004ae4        0x4 Output/Debug/Obj/Dhry/main.o
                0x0000000000004ae4                Next_Ptr_Glob
 .sbss.Int_Glob
                0x0000000000004ae8        0x4 Output/Debug/Obj/Dhry/main.o
                0x0000000000004ae8                Int_Glob
 .sbss.Bool_Glob
                0x0000000000004aec        0x4 Output/Debug/Obj/Dhry/main.o
                0x0000000000004aec                Bool_Glob
 .sbss.Ch_1_Glob
                0x0000000000004af0        0x1 Output/Debug/Obj/Dhry/main.o
                0x0000000000004af0                Ch_1_Glob
 .sbss.Ch_2_Glob
                0x0000000000004af1        0x1 Output/Debug/Obj/Dhry/main.o
                0x0000000000004af1                Ch_2_Glob
 *fill*         0x0000000000004af2        0x6 
 .sbss.End_Time
                0x0000000000004af8        0x8 Output/Debug/Obj/Dhry/main.o
                0x0000000000004af8                End_Time
 .sbss.User_Time
                0x0000000000004b00        0x8 Output/Debug/Obj/Dhry/main.o
                0x0000000000004b00                User_Time
 .sbss.Microseconds
                0x0000000000004b08        0x8 Output/Debug/Obj/Dhry/main.o
                0x0000000000004b08                Microseconds
 .sbss.Dhrystones_Per_Second
                0x0000000000004b10        0x8 Output/Debug/Obj/Dhry/main.o
                0x0000000000004b10                Dhrystones_Per_Second
 .sbss.Vax_Mips
                0x0000000000004b18        0x8 Output/Debug/Obj/Dhry/main.o
                0x0000000000004b18                Vax_Mips
 .sbss.first.2  0x0000000000004b20        0x8 Output/Debug/Obj/Dhry/main.o
                0x0000000000004b28                __sbss_end__ = (__sbss_start__ + SIZEOF (.sbss))
                0x0000000000000064                __sbss_size__ = SIZEOF (.sbss)
                0x0000000000004b28                __sbss_load_end__ = __sbss_end__
                0x0000000000000001                . = ASSERT (((__sbss_start__ == __sbss_end__) || ((__sbss_end__ - __RAM1_segment_start__) <= __RAM1_segment_size__)), error: .sbss is too large to fit in RAM1 memory segment)
                0x0000000000004b28                __non_init_load_start__ = ALIGN (__sbss_end__, 0x4)

.non_init       0x0000000000004b28        0x0
                0x0000000000004b28                __non_init_start__ = .
 *(.non_init .non_init.*)
                0x0000000000004b28                __non_init_end__ = (__non_init_start__ + SIZEOF (.non_init))
                0x0000000000000000                __non_init_size__ = SIZEOF (.non_init)
                0x0000000000004b28                __non_init_load_end__ = __non_init_end__
                0x0000000000000001                . = ASSERT (((__non_init_start__ == __non_init_end__) || ((__non_init_end__ - __RAM1_segment_start__) <= __RAM1_segment_size__)), error: .non_init is too large to fit in RAM1 memory segment)
                0x0000000000004b28                __heap_load_start__ = ALIGN (__non_init_end__, 0x4)

.heap           0x0000000000004b28      0x400
                0x0000000000004b28                __heap_start__ = .
 *(.heap .heap.*)
                0x0000000000004f28                . = ALIGN (MAX ((__heap_start__ + __HEAPSIZE__), .), 0x4)
 *fill*         0x0000000000004b28      0x400 
                0x0000000000004f28                __heap_end__ = (__heap_start__ + SIZEOF (.heap))
                0x0000000000000400                __heap_size__ = SIZEOF (.heap)
                0x0000000000004f28                __heap_load_end__ = __heap_end__
                0x0000000000000001                . = ASSERT (((__heap_start__ == __heap_end__) || ((__heap_end__ - __RAM1_segment_start__) <= __RAM1_segment_size__)), error: .heap is too large to fit in RAM1 memory segment)
                0x0000000000007c00                __stack_load_start__ = (__RAM1_segment_start__ + (__RAM1_segment_size__ - 0x400))

.stack          0x0000000000007c00      0x400
                0x0000000000007c00                __stack_start__ = .
 *(.stack .stack.*)
                0x0000000000008000                . = ALIGN (MAX ((__stack_start__ + __STACKSIZE__), .), 0x4)
 *fill*         0x0000000000007c00      0x400 
                0x0000000000008000                __stack_end__ = (__stack_start__ + SIZEOF (.stack))
                0x0000000000000400                __stack_size__ = SIZEOF (.stack)
                0x0000000000008000                __stack_load_end__ = __stack_end__
                0x0000000000008000                __RAM1_segment_used_end__ = ((__RAM1_segment_start__ + (__RAM1_segment_size__ - 0x400)) + SIZEOF (.stack))
                0x0000000000004000                __RAM1_segment_used_size__ = (__RAM1_segment_used_end__ - __RAM1_segment_start__)
                0x0000000000000001                . = ASSERT (((__stack_start__ == __stack_end__) || ((__stack_end__ - __RAM1_segment_start__) <= __RAM1_segment_size__)), error: .stack is too large to fit in RAM1 memory segment)
                0x0000000000000001                . = ASSERT ((__heap_end__ <= __stack_start__), error: section .heap overlaps absolute placed section .stack)
START GROUP
LOAD Output/Debug/Obj/Dhry/main.o
LOAD Output/Debug/Obj/Dhry/riscv_crt0.o
LOAD C:/Program Files/SEGGER/SEGGER Embedded Studio for RISC-V 6.20a/lib/libc_rv32ima_balanced.a
LOAD C:/Program Files/SEGGER/SEGGER Embedded Studio for RISC-V 6.20a/lib/heapops_basic_rv32ima_balanced.a
END GROUP
OUTPUT(C:/pr/ibex-sys/PLD/sw/Dhry/Segger_pr/Output/Debug/Exe/Dhry.elf elf32-littleriscv)

.debug_frame    0x0000000000000000      0x6b8
 .debug_frame   0x0000000000000000      0x3f8 Output/Debug/Obj/Dhry/main.o
 .debug_frame   0x00000000000003f8      0x270 C:/Program Files/SEGGER/SEGGER Embedded Studio for RISC-V 6.20a/lib/libc_rv32ima_balanced.a(floatasmops_rv.o)
 .debug_frame   0x0000000000000668       0x50 C:/Program Files/SEGGER/SEGGER Embedded Studio for RISC-V 6.20a/lib/libc_rv32ima_balanced.a(strasmops_rv.o)

.debug_info     0x0000000000000000      0xd4b
 .debug_info    0x0000000000000000      0xd29 Output/Debug/Obj/Dhry/main.o
 .debug_info    0x0000000000000d29       0x22 Output/Debug/Obj/Dhry/riscv_crt0.o

.debug_abbrev   0x0000000000000000      0x3ae
 .debug_abbrev  0x0000000000000000      0x39c Output/Debug/Obj/Dhry/main.o
 .debug_abbrev  0x000000000000039c       0x12 Output/Debug/Obj/Dhry/riscv_crt0.o

.debug_pubnames
                0x0000000000000000      0x4a5
 .debug_pubnames
                0x0000000000000000      0x4a5 Output/Debug/Obj/Dhry/main.o

.debug_pubtypes
                0x0000000000000000      0x1e4
 .debug_pubtypes
                0x0000000000000000      0x1e4 Output/Debug/Obj/Dhry/main.o

.debug_aranges  0x0000000000000000      0x168
 .debug_aranges
                0x0000000000000000       0xf0 Output/Debug/Obj/Dhry/main.o
 .debug_aranges
                0x00000000000000f0       0x78 Output/Debug/Obj/Dhry/riscv_crt0.o

.debug_ranges   0x0000000000000000      0x150
 .debug_ranges  0x0000000000000000       0xe0 Output/Debug/Obj/Dhry/main.o
 .debug_ranges  0x00000000000000e0       0x70 Output/Debug/Obj/Dhry/riscv_crt0.o

.debug_macro    0x0000000000000000     0x13a7
 .debug_macro   0x0000000000000000      0x138 Output/Debug/Obj/Dhry/main.o
 .debug_macro   0x0000000000000138      0x796 Output/Debug/Obj/Dhry/main.o
 .debug_macro   0x00000000000008ce      0x185 Output/Debug/Obj/Dhry/main.o
 .debug_macro   0x0000000000000a53      0x252 Output/Debug/Obj/Dhry/main.o
 .debug_macro   0x0000000000000ca5       0x1c Output/Debug/Obj/Dhry/main.o
 .debug_macro   0x0000000000000cc1       0x58 Output/Debug/Obj/Dhry/main.o
 .debug_macro   0x0000000000000d19       0x2e Output/Debug/Obj/Dhry/main.o
 .debug_macro   0x0000000000000d47      0x17a Output/Debug/Obj/Dhry/main.o
 .debug_macro   0x0000000000000ec1       0xc4 Output/Debug/Obj/Dhry/main.o
 .debug_macro   0x0000000000000f85       0xbe Output/Debug/Obj/Dhry/main.o
 .debug_macro   0x0000000000001043       0xa0 Output/Debug/Obj/Dhry/main.o
 .debug_macro   0x00000000000010e3       0x1c Output/Debug/Obj/Dhry/main.o
 .debug_macro   0x00000000000010ff       0x10 Output/Debug/Obj/Dhry/main.o
 .debug_macro   0x000000000000110f       0x46 Output/Debug/Obj/Dhry/main.o
 .debug_macro   0x0000000000001155       0x10 Output/Debug/Obj/Dhry/main.o
 .debug_macro   0x0000000000001165       0x7c Output/Debug/Obj/Dhry/main.o
 .debug_macro   0x00000000000011e1       0x22 Output/Debug/Obj/Dhry/main.o
 .debug_macro   0x0000000000001203       0x2e Output/Debug/Obj/Dhry/main.o
 .debug_macro   0x0000000000001231      0x166 Output/Debug/Obj/Dhry/main.o
 .debug_macro   0x0000000000001397       0x10 Output/Debug/Obj/Dhry/main.o

.debug_line     0x0000000000000000     0x176f
 .debug_line    0x0000000000000000     0x12ca Output/Debug/Obj/Dhry/main.o
 .debug_line    0x00000000000012ca      0x4a5 Output/Debug/Obj/Dhry/riscv_crt0.o

.debug_str      0x0000000000000000     0x60bf
 .debug_str     0x0000000000000000     0x604a Output/Debug/Obj/Dhry/main.o
                                       0x6114 (size before relaxing)
 .debug_str     0x000000000000604a       0x75 Output/Debug/Obj/Dhry/riscv_crt0.o

.comment        0x0000000000000000       0x41
 .comment       0x0000000000000000       0x41 Output/Debug/Obj/Dhry/main.o
                                         0x42 (size before relaxing)
 .comment       0x0000000000000041       0x42 C:/Program Files/SEGGER/SEGGER Embedded Studio for RISC-V 6.20a/lib/libc_rv32ima_balanced.a(fileops.o)
 .comment       0x0000000000000041       0x42 C:/Program Files/SEGGER/SEGGER Embedded Studio for RISC-V 6.20a/lib/libc_rv32ima_balanced.a(intops.o)
 .comment       0x0000000000000041       0x42 C:/Program Files/SEGGER/SEGGER Embedded Studio for RISC-V 6.20a/lib/libc_rv32ima_balanced.a(strops.o)
 .comment       0x0000000000000041       0x42 C:/Program Files/SEGGER/SEGGER Embedded Studio for RISC-V 6.20a/lib/libc_rv32ima_balanced.a(prinops.o)
 .comment       0x0000000000000041       0x42 C:/Program Files/SEGGER/SEGGER Embedded Studio for RISC-V 6.20a/lib/libc_rv32ima_balanced.a(__SEGGER_RTL_vfprintf_int_nwp.o)

.riscv.attributes
                0x0000000000000000       0x2a
 .riscv.attributes
                0x0000000000000000       0x2a Output/Debug/Obj/Dhry/main.o
 .riscv.attributes
                0x000000000000002a       0x28 Output/Debug/Obj/Dhry/riscv_crt0.o
 .riscv.attributes
                0x0000000000000052       0x24 C:/Program Files/SEGGER/SEGGER Embedded Studio for RISC-V 6.20a/lib/libc_rv32ima_balanced.a(floatasmops_rv.o)
 .riscv.attributes
                0x0000000000000076       0x24 C:/Program Files/SEGGER/SEGGER Embedded Studio for RISC-V 6.20a/lib/libc_rv32ima_balanced.a(strasmops_rv.o)
 .riscv.attributes
                0x000000000000009a       0x26 C:/Program Files/SEGGER/SEGGER Embedded Studio for RISC-V 6.20a/lib/libc_rv32ima_balanced.a(fileops.o)
 .riscv.attributes
                0x00000000000000c0       0x26 C:/Program Files/SEGGER/SEGGER Embedded Studio for RISC-V 6.20a/lib/libc_rv32ima_balanced.a(intops.o)
 .riscv.attributes
                0x00000000000000e6       0x26 C:/Program Files/SEGGER/SEGGER Embedded Studio for RISC-V 6.20a/lib/libc_rv32ima_balanced.a(strops.o)
 .riscv.attributes
                0x000000000000010c       0x26 C:/Program Files/SEGGER/SEGGER Embedded Studio for RISC-V 6.20a/lib/libc_rv32ima_balanced.a(prinops.o)
 .riscv.attributes
                0x0000000000000132       0x26 C:/Program Files/SEGGER/SEGGER Embedded Studio for RISC-V 6.20a/lib/libc_rv32ima_balanced.a(__SEGGER_RTL_vfprintf_int_nwp.o)
